Experiment id: 10C_pretrain_commutative_cnn_20260703_031245
Experiment run folder: /run/media/fabrizio/06bb7271-2161-43a4-91f1-98f9b67e9ab2/home/fabrizio/code/ZebraFish/artifacts/campaigns/cnn_pretrain_finetune/cnn_pretrain_finetune_20260703_031242_495f28/outputs/10C/runs/10C_pretrain_commutative_cnn_20260703_031245
Per-run commutative CNN pretraining config: /run/media/fabrizio/06bb7271-2161-43a4-91f1-98f9b67e9ab2/home/fabrizio/code/ZebraFish/artifacts/campaigns/cnn_pretrain_finetune/cnn_pretrain_finetune_20260703_031242_495f28/outputs/10C/runs/10C_pretrain_commutative_cnn_20260703_031245/10C_pretrain_commutative_cnn_20260703_031245_config.yaml
{'all_tensors': (2144, 20, 5, 96, 96), 'train_base_tensors': (1822, 20, 5, 96, 96), 'train_tensors': (1822, 20, 5, 96, 96), 'val_tensors': (322, 20, 5, 96, 96)}
Commutative CNN model: parameters=182,603 trainable=182,603 size=0.70 MB
cols:
    ep=epoch
    lr=learning_rate
    eta=estimated_time_remaining
    trL=train_loss
    trS=train_self_probe_loss
    trX=train_cross_probe_loss
    trP=train_prototype_alignment_loss
    trLA=train_latent_alignment_loss
     ep       lr       eta |      trL      trS      trX      trP     trLA |      vaL      vaS      vaX      vaP     vaLA
001/140 3.00e-05  21:10:26 |   2.5520   2.5520   0.1209   4.6052   0.4769 |   6.9607   6.9607   0.0830   4.4310   0.4317
002/140 3.00e-05  21:11:43 |   2.5056   2.5056   0.1114   4.5111   0.5415 |   6.9172   6.9172   0.0821   4.4190   0.5149
003/140 3.00e-05  21:00:23 |   2.4786   2.4786   0.1094   4.4919   0.5907 |   6.8893   6.8893   0.0779   4.4170   0.4964
004/140 3.00e-05  20:55:43 |   2.4579   2.4579   0.1055   4.4761   0.5999 |   6.8624   6.8624   0.0798   4.4437   0.5186
005/140 3.00e-05  20:44:56 |   2.4413   2.4413   0.1053   4.4358   0.5852 |   6.8354   6.8354   0.0858   4.3910   0.5100
006/140 3.00e-05  20:37:20 |   2.4248   2.4248   0.1062   4.3969   0.5753 |   6.8103   6.8103   0.0898   4.3790   0.5101
007/140 3.00e-05  20:26:47 |   2.4049   2.4049   0.1092   4.3662   0.5624 |   6.7847   6.7847   0.0893   4.3381   0.4840
008/140 3.00e-05  20:19:28 |   2.3921   2.3921   0.1127   4.3323   0.5434 |   6.7615   6.7615   0.0970   4.3083   0.4876
009/140 3.00e-05  20:10:28 |   2.3825   2.3825   0.1145   4.3032   0.5338 |   6.7380   6.7380   0.0940   4.2847   0.4746
010/140 3.00e-05  20:03:01 |   2.3693   2.3693   0.1171   4.2739   0.5162 |   6.7141   6.7141   0.0989   4.2557   0.4615
011/140 3.00e-05  19:53:17 |   2.3651   2.3651   0.1202   4.2494   0.5087 |   6.6927   6.6927   0.0989   4.2390   0.4522
012/140 3.00e-05  19:46:14 |   2.3547   2.3547   0.1232   4.2297   0.4922 |   6.6702   6.6702   0.1037   4.2193   0.4297
013/140 3.00e-05  19:37:08 |   2.3502   2.3502   0.1253   4.2147   0.4849 |   6.6473   6.6473   0.1044   4.2086   0.4561
014/140 3.00e-05  19:28:40 |   2.3366   2.3366   0.1284   4.2004   0.4731 |   6.6234   6.6234   0.1060   4.1937   0.4262
015/140 3.00e-05  19:19:11 |   2.3292   2.3292   0.1315   4.1908   0.4637 |   6.6008   6.6008   0.1056   4.1857   0.4172
016/140 3.00e-05  19:10:27 |   2.3127   2.3127   0.1320   4.1823   0.4553 |   6.5730   6.5730   0.1198   4.1782   0.4150
017/140 3.00e-05  19:00:31 |   2.3033   2.3033   0.1353   4.1763   0.4479 |   6.5505   6.5505   0.1120   4.1730   0.4046
018/140 3.00e-05  18:51:45 |   2.2684   2.2684   0.1373   4.1713   0.4427 |   6.5149   6.5149   0.1167   4.1691   0.4065
019/140 3.00e-05  18:42:41 |   2.2822   2.2822   0.1389   4.1677   0.4397 |   6.4864   6.4864   0.1177   4.1662   0.4031
020/140 3.00e-05  18:33:45 |   2.2748   2.2748   0.1393   4.1649   0.4259 |   6.4510   6.4510   0.1152   4.1637   0.3883
021/140 3.00e-05  18:24:18 |   2.2654   2.2654   0.1407   4.1628   0.4185 |   6.4252   6.4252   0.1310   4.1618   0.3740
022/140 3.00e-05  18:17:37 |   2.2289   2.2289   0.1440   4.1614   0.4157 |   6.3924   6.3924   0.1208   4.1608   0.3792
023/140 3.00e-05  18:08:27 |   2.2427   2.2427   0.1437   4.1604   0.4093 |   6.3506   6.3506   0.1297   4.1600   0.3690
024/140 3.00e-05  17:59:45 |   2.2100   2.2100   0.1451   4.1598   0.3963 |   6.3205   6.3205   0.1332   4.1595   0.3667
025/140 3.00e-05  17:50:33 |   2.1977   2.1977   0.1481   4.1594   0.4013 |   6.2721   6.2721   0.1380   4.1592   0.3643
026/140 3.00e-05  17:41:48 |   2.2139   2.2139   0.1476   4.1592   0.3990 |   6.2386   6.2386   0.1372   4.1591   0.3640
027/140 3.00e-05  17:32:45 |   2.2065   2.2065   0.1483   4.1590   0.3930 |   6.2153   6.2153   0.1491   4.1590   0.3614
028/140 3.00e-05  17:24:13 |   2.1795   2.1795   0.1485   4.1589   0.3785 |   6.1599   6.1599   0.1570   4.1589   0.3574
029/140 3.00e-05  17:15:08 |   2.1389   2.1389   0.1548   4.1589   0.3864 |   6.1379   6.1379   0.1521   4.1589   0.3527
030/140 3.00e-05  17:06:14 |   2.1153   2.1153   0.1554   4.1589   0.3783 |   6.0732   6.0732   0.1449   4.1589   0.3506
031/140 3.00e-05  16:56:46 |   2.1224   2.1224   0.1569   4.1589   0.3725 |   6.0263   6.0263   0.1410   4.1589   0.3438
032/140 3.00e-05  16:47:40 |   2.0918   2.0918   0.1614   4.1589   0.3722 |   5.9798   5.9798   0.1601   4.1589   0.3447
033/140 3.00e-05  16:38:09 |   2.0777   2.0777   0.1624   4.1589   0.3640 |   5.9389   5.9389   0.1645   4.1589   0.3397
034/140 3.00e-05  16:29:08 |   2.0932   2.0932   0.1576   4.1589   0.3633 |   5.8767   5.8767   0.1784   4.1589   0.3400
035/140 3.00e-05  16:19:52 |   2.0636   2.0636   0.1622   4.1589   0.3576 |   5.8268   5.8268   0.1766   4.1589   0.3363
036/140 3.00e-05  16:10:51 |   2.0916   2.0916   0.1607   4.1589   0.3553 |   5.7940   5.7940   0.1931   4.1589   0.3384
037/140 3.00e-05  16:01:33 |   2.0481   2.0481   0.1640   4.1589   0.3564 |   5.7398   5.7398   0.1934   4.1589   0.3278
038/140 3.00e-05  15:52:35 |   2.0494   2.0494   0.1646   4.1589   0.3485 |   5.6809   5.6809   0.1901   4.1589   0.3326
039/140 3.00e-05  15:43:16 |   1.9707   1.9707   0.1759   4.1589   0.3434 |   5.6339   5.6339   0.2076   4.1589   0.3260
040/140 3.00e-05  15:34:18 |   2.0017   2.0017   0.1723   4.1589   0.3359 |   5.5668   5.5668   0.2128   4.1589   0.3211
041/140 3.00e-05  15:26:34 |   1.9453   1.9453   0.1801   4.1589   0.3389 |   5.5278   5.5278   0.2210   4.1589   0.3177
042/140 3.00e-05  15:20:01 |   1.9325   1.9325   0.1845   4.1589   0.3358 |   5.4687   5.4687   0.2467   4.1589   0.3224
043/140 3.00e-05  15:13:04 |   1.8816   1.8816   0.1967   4.1589   0.3339 |   5.3938   5.3938   0.2457   4.1589   0.3133
044/140 3.00e-05  15:06:11 |   1.9054   1.9054   0.1864   4.1589   0.3288 |   5.3350   5.3350   0.2490   4.1589   0.3121
045/140 3.00e-05  14:59:00 |   1.9370   1.9370   0.1852   4.1589   0.3276 |   5.2792   5.2792   0.2697   4.1589   0.3104
046/140 3.00e-05  14:51:53 |   1.8465   1.8465   0.1954   4.1589   0.3209 |   5.1937   5.1937   0.2809   4.1589   0.3103
047/140 3.00e-05  14:44:19 |   1.8092   1.8092   0.2051   4.1589   0.3185 |   5.1398   5.1398   0.2887   4.1589   0.3081
048/140 3.00e-05  14:36:51 |   1.6981   1.6981   0.2340   4.1589   0.3210 |   5.0738   5.0738   0.3097   4.1589   0.3077
049/140 3.00e-05  14:29:04 |   1.7063   1.7063   0.2304   4.1589   0.3167 |   4.9783   4.9783   0.3344   4.1589   0.3042
050/140 3.00e-05  14:21:25 |   1.6824   1.6824   0.2389   4.1589   0.3180 |   4.9038   4.9038   0.3470   4.1589   0.3036
051/140 3.00e-05  14:13:15 |   1.6965   1.6965   0.2361   4.1589   0.3118 |   4.8345   4.8345   0.3651   4.1589   0.2999
052/140 3.00e-05  14:05:31 |   1.5880   1.5880   0.2692   4.1589   0.3117 |   4.7445   4.7445   0.3912   4.1589   0.2999
053/140 3.00e-05  13:57:15 |   1.5947   1.5947   0.2625   4.1589   0.3064 |   4.6749   4.6749   0.4097   4.1589   0.2972
054/140 3.00e-05  13:49:16 |   1.6525   1.6525   0.2444   4.1589   0.3006 |   4.6164   4.6164   0.4217   4.1589   0.2941
055/140 3.00e-05  13:41:04 |   1.6230   1.6230   0.2561   4.1589   0.2983 |   4.5420   4.5420   0.4382   4.1589   0.2868
056/140 3.00e-05  13:32:55 |   1.6866   1.6866   0.2503   4.1589   0.2938 |   4.4824   4.4824   0.4540   4.1589   0.2836
057/140 3.00e-05  13:24:24 |   1.5875   1.5875   0.2702   4.1589   0.2907 |   4.3816   4.3816   0.4924   4.1589   0.2877
058/140 3.00e-05  13:15:58 |   1.6521   1.6521   0.2513   4.1589   0.2934 |   4.2885   4.2885   0.5215   4.1589   0.2884
059/140 3.00e-05  13:07:16 |   1.5431   1.5431   0.2799   4.1589   0.2910 |   4.2031   4.2031   0.5561   4.1589   0.2856
060/140 3.00e-05  12:58:36 |   1.4714   1.4714   0.3088   4.1589   0.2860 |   4.1458   4.1458   0.5836   4.1589   0.2849
061/140 3.00e-05  12:49:53 |   1.5194   1.5194   0.3004   4.1589   0.2867 |   4.0518   4.0518   0.6190   4.1589   0.2833
062/140 3.00e-05  12:41:16 |   1.4207   1.4207   0.3346   4.1589   0.2856 |   3.9913   3.9913   0.6782   4.1589   0.2787
063/140 3.00e-05  12:32:27 |   1.4139   1.4139   0.3368   4.1589   0.2807 |   3.8647   3.8647   0.6992   4.1589   0.2789
064/140 3.00e-05  12:23:49 |   1.4618   1.4618   0.3144   4.1589   0.2793 |   3.7807   3.7807   0.7314   4.1589   0.2790
065/140 3.00e-05  12:14:41 |   1.3090   1.3090   0.3852   4.1589   0.2767 |   3.7084   3.7084   0.7694   4.1589   0.2768
066/140 3.00e-05  12:05:41 |   1.3050   1.3050   0.3933   4.1589   0.2762 |   3.6032   3.6032   0.8247   4.1589   0.2753
067/140 3.00e-05  11:56:28 |   1.3111   1.3111   0.3883   4.1589   0.2735 |   3.5311   3.5311   0.8587   4.1589   0.2743
068/140 3.00e-05  11:47:26 |   1.3138   1.3138   0.3742   4.1589   0.2692 |   3.4444   3.4444   0.9089   4.1589   0.2738
069/140 3.00e-05  11:38:15 |   1.1936   1.1936   0.4482   4.1589   0.2724 |   3.3359   3.3359   0.9733   4.1589   0.2723
070/140 3.00e-05  11:29:05 |   1.1419   1.1419   0.4899   4.1589   0.2698 |   3.2866   3.2866   0.9937   4.1589   0.2717
071/140 3.00e-05  11:19:47 |   1.1649   1.1649   0.4733   4.1589   0.2686 |   3.1753   3.1753   1.0556   4.1589   0.2725
072/140 3.00e-05  11:10:32 |   1.0467   1.0467   0.5732   4.1589   0.2676 |   3.0770   3.0770   1.1182   4.1589   0.2686
073/140 3.00e-05  11:01:12 |   0.9925   0.9925   0.5880   4.1589   0.2639 |   2.9764   2.9764   1.1745   4.1589   0.2683
074/140 3.00e-05  10:51:58 |   0.9768   0.9768   0.6273   4.1589   0.2629 |   2.8920   2.8920   1.2429   4.1589   0.2674
075/140 3.00e-05  10:42:34 |   0.8437   0.8437   0.7531   4.1589   0.2611 |   2.7832   2.7832   1.3068   4.1589   0.2674
076/140 3.00e-05  10:33:12 |   0.9785   0.9785   0.6147   4.1589   0.2615 |   2.7037   2.7037   1.3632   4.1589   0.2696
077/140 3.00e-05  10:23:41 |   1.1008   1.1008   0.4754   4.1589   0.2565 |   2.6490   2.6490   1.4150   4.1589   0.2679
078/140 3.00e-05  10:14:17 |   0.9252   0.9252   0.6421   4.1589   0.2567 |   2.5500   2.5500   1.4970   4.1589   0.2659
079/140 3.00e-05  10:04:45 |   1.0156   1.0156   0.5504   4.1589   0.2536 |   2.4550   2.4550   1.5653   4.1589   0.2676
080/140 3.00e-05   9:55:18 |   0.8679   0.8679   0.7261   4.1589   0.2570 |   2.3449   2.3449   1.6691   4.1589   0.2633
081/140 3.00e-05   9:45:49 |   0.8003   0.8003   0.7834   4.1589   0.2533 |   2.2620   2.2620   1.7471   4.1589   0.2641
082/140 3.00e-05   9:36:21 |   0.7241   0.7241   0.8247   4.1589   0.2519 |   2.1918   2.1918   1.7917   4.1589   0.2615
083/140 3.00e-05   9:27:03 |   0.8955   0.8955   0.7521   4.1589   0.2483 |   2.1261   2.1261   1.8395   4.1589   0.2629
084/140 3.00e-05   9:22:07 |   0.6671   0.6671   1.0544   4.1589   0.2511 |   2.0128   2.0128   1.9659   4.1589   0.2601
085/140 3.00e-05   9:27:02 |   0.6791   0.6791   1.0218   4.1589   0.2478 |   1.9348   1.9348   2.0435   4.1589   0.2615
086/140 3.00e-05   9:41:06 |   0.8518   0.8518   0.6783   4.1589   0.2420 |   1.8797   1.8797   2.1078   4.1589   0.2619
087/140 3.00e-05   9:53:11 |   0.6471   0.6471   0.9116   4.1589   0.2476 |   1.8096   1.8096   2.1924   4.1589   0.2606
088/140 3.00e-05   9:47:40 |   0.5863   0.5863   1.0911   4.1589   0.2464 |   1.7079   1.7079   2.3007   4.1589   0.2588
089/140 3.00e-05   9:35:53 |   0.5348   0.5348   1.0930   4.1589   0.2433 |   1.6236   1.6236   2.4073   4.1589   0.2599
090/140 3.00e-05   9:24:12 |   0.7171   0.7171   0.9763   4.1589   0.2438 |   1.5816   1.5816   2.4513   4.1589   0.2608
091/140 3.00e-05   9:12:29 |   0.5350   0.5350   1.1155   4.1589   0.2451 |   1.4956   1.4956   2.5951   4.1589   0.2587
092/140 3.00e-05   9:00:51 |   0.5390   0.5390   1.1512   4.1589   0.2465 |   1.3932   1.3932   2.7197   4.1589   0.2599
093/140 3.00e-05   8:49:12 |   0.4172   0.4172   1.4341   4.1589   0.2461 |   1.3161   1.3161   2.8310   4.1589   0.2587
094/140 3.00e-05   8:37:35 |   0.5996   0.5996   1.0656   4.1589   0.2437 |   1.2455   1.2455   2.9414   4.1589   0.2632
095/140 3.00e-05   8:26:00 |   0.4209   0.4209   1.4348   4.1589   0.2435 |   1.1840   1.1840   3.0258   4.1589   0.2609
096/140 3.00e-05   8:14:26 |   0.5377   0.5377   1.1792   4.1589   0.2418 |   1.1258   1.1258   3.1309   4.1589   0.2624
097/140 3.00e-05   8:02:55 |   0.3848   0.3848   1.4327   4.1589   0.2442 |   1.0550   1.0550   3.2501   4.1589   0.2637
098/140 3.00e-05   7:51:27 |   0.4364   0.4364   1.4195   4.1589   0.2450 |   1.0157   1.0157   3.3233   4.1589   0.2619
099/140 3.00e-05   7:39:59 |   0.3607   0.3607   1.4982   4.1589   0.2425 |   0.9620   0.9620   3.4025   4.1589   0.2621
100/140 3.00e-05   7:28:36 |   0.4525   0.4525   1.4970   4.1589   0.2426 |   0.9364   0.9364   3.4793   4.1589   0.2576
101/140 3.00e-05   7:17:09 |   0.3995   0.3995   1.4167   4.1589   0.2419 |   0.8602   0.8602   3.6353   4.1589   0.2606
102/140 3.00e-05   7:05:46 |   0.4810   0.4810   1.3893   4.1589   0.2428 |   0.7894   0.7894   3.8161   4.1589   0.2599
103/140 3.00e-05   6:54:23 |   0.3302   0.3302   1.5326   4.1589   0.2377 |   0.7478   0.7478   3.9130   4.1589   0.2631
104/140 3.00e-05   6:42:59 |   0.2937   0.2937   1.6057   4.1589   0.2406 |   0.7120   0.7120   3.9809   4.1589   0.2632
105/140 3.00e-05   6:31:33 |   0.3460   0.3460   1.5178   4.1589   0.2384 |   0.6393   0.6393   4.1949   4.1589   0.2648
106/140 3.00e-05   6:20:12 |   0.3274   0.3274   1.5062   4.1589   0.2449 |   0.5901   0.5901   4.3703   4.1589   0.2685
107/140 3.00e-05   6:08:48 |   0.2842   0.2842   1.6353   4.1589   0.2432 |   0.5540   0.5540   4.4577   4.1589   0.2663
108/140 3.00e-05   5:57:27 |   0.4227   0.4227   1.3050   4.1589   0.2387 |   0.5046   0.5046   4.6925   4.1589   0.2672
109/140 3.00e-05   5:46:04 |   0.2809   0.2809   1.6360   4.1589   0.2392 |   0.4702   0.4702   4.8361   4.1589   0.2713
110/140 3.00e-05   5:34:45 |   0.1896   0.1896   2.1324   4.1589   0.2372 |   0.4488   0.4488   4.9044   4.1589   0.2719
111/140 3.00e-05   5:23:24 |   0.2329   0.2329   2.2768   4.1589   0.2464 |   0.5132   0.5132   4.4355   4.1589   0.2576
112/140 3.00e-05   5:12:06 |   0.2805   0.2805   1.9591   4.1589   0.2417 |   0.4481   0.4481   4.7155   4.1589   0.2657
113/140 3.00e-05   5:00:47 |   0.3596   0.3596   1.3201   4.1589   0.2296 |   0.3811   0.3811   5.0788   4.1589   0.2689
114/140 3.00e-05   4:49:31 |   0.1910   0.1910   1.9842   4.1589   0.2394 |   0.3520   0.3520   5.2067   4.1589   0.2693
115/140 3.00e-05   4:38:13 |   0.3236   0.3236   1.6864   4.1589   0.2371 |   0.3199   0.3199   5.3938   4.1589   0.2730
116/140 3.00e-05   4:27:01 |   0.2202   0.2202   2.3365   4.1589   0.2427 |   0.3161   0.3161   5.3233   4.1589   0.2720
117/140 3.00e-05   4:15:46 |   0.2094   0.2094   1.9022   4.1589   0.2378 |   0.2926   0.2926   5.4874   4.1589   0.2712
118/140 3.00e-05   4:04:34 |   0.1790   0.1790   2.2593   4.1589   0.2417 |   0.3002   0.3002   5.3015   4.1589   0.2685
119/140 3.00e-05   3:53:19 |   0.3146   0.3146   2.0312   4.1589   0.2352 |   0.2652   0.2652   5.5469   4.1589   0.2664
120/140 3.00e-05   3:42:05 |   0.2292   0.2292   2.0951   4.1589   0.2370 |   0.2650   0.2650   5.4550   4.1589   0.2640
121/140 3.00e-05   3:30:52 |   0.2055   0.2055   2.3038   4.1589   0.2386 |   0.2479   0.2479   5.6562   4.1589   0.2724
122/140 3.00e-05   3:19:41 |   0.2325   0.2325   2.5173   4.1589   0.2387 |   0.2697   0.2697   5.2969   4.1589   0.2620
123/140 3.00e-05   3:08:29 |   0.1922   0.1922   1.9528   4.1589   0.2352 |   0.2508   0.2508   5.4241   4.1589   0.2670
124/140 3.00e-05   2:57:19 |   0.2290   0.2290   1.9573   4.1589   0.2366 |   0.2297   0.2297   5.5885   4.1589   0.2640
125/140 3.00e-05   2:46:09 |   0.1641   0.1641   2.0372   4.1589   0.2353 |   0.2012   0.2012   5.8646   4.1589   0.2697
126/140 3.00e-05   2:35:01 |   0.2001   0.2001   2.5651   4.1589   0.2369 |   0.2388   0.2388   5.4406   4.1589   0.2611
127/140 3.00e-05   2:23:53 |   0.2078   0.2078   1.9858   4.1589   0.2308 |   0.1895   0.1895   5.8102   4.1589   0.2689
128/140 3.00e-05   2:12:47 |   0.2207   0.2207   1.8037   4.1589   0.2340 |   0.1704   0.1704   6.0533   4.1589   0.2700
129/140 3.00e-05   2:01:40 |   0.1985   0.1985   3.1131   4.1589   0.2399 |   0.1930   0.1930   5.6988   4.1589   0.2680
130/140 3.00e-05   1:50:35 |   0.3309   0.3309   1.9115   4.1589   0.2376 |   0.2115   0.2115   5.5435   4.1589   0.2651
131/140 3.00e-05   1:39:29 |   0.2077   0.2077   1.7870   4.1589   0.2357 |   0.1681   0.1681   5.8978   4.1589   0.2627
132/140 3.00e-05   1:28:25 |   0.1988   0.1988   2.4681   4.1589   0.2291 |   0.1750   0.1750   5.8200   4.1589   0.2649
133/140 3.00e-05   1:17:19 |   0.1849   0.1849   1.9656   4.1589   0.2332 |   0.1536   0.1536   5.9899   4.1589   0.2659
134/140 3.00e-05   1:06:15 |   0.1712   0.1712   2.9343   4.1589   0.2294 |   0.1702   0.1702   5.7437   4.1589   0.2670
135/140 3.00e-05     55:11 |   0.2101   0.2101   1.9544   4.1589   0.2362 |   0.1484   0.1484   5.9857   4.1589   0.2645
136/140 3.00e-05     44:08 |   0.2720   0.2720   2.4828   4.1589   0.2326 |   0.1473   0.1473   5.9814   4.1589   0.2663
137/140 3.00e-05     33:05 |   0.1996   0.1996   2.5985   4.1589   0.2322 |   0.1560   0.1560   5.8489   4.1589   0.2660
138/140 3.00e-05     22:03 |   0.1621   0.1621   2.7051   4.1589   0.2401 |   0.1956   0.1956   5.4079   4.1589   0.2551
139/140 3.00e-05     11:01 |   0.1833   0.1833   2.1447   4.1589   0.2298 |   0.2504   0.2504   5.1727   4.1589   0.2563
140/140 1.50e-05     00:00 |   0.1890   0.1890   2.2472   4.1589   0.2320 |   0.1700   0.1700   5.6067   4.1589   0.2599
Updated latest commutative CNN pretraining config at /run/media/fabrizio/06bb7271-2161-43a4-91f1-98f9b67e9ab2/home/fabrizio/code/ZebraFish/artifacts/campaigns/cnn_pretrain_finetune/cnn_pretrain_finetune_20260703_031242_495f28/outputs/10C/config.yaml
10C run complete: artifacts/campaigns/cnn_pretrain_finetune/cnn_pretrain_finetune_20260703_031242_495f28/outputs/10C/runs/10C_pretrain_commutative_cnn_20260703_031245
