Experiment id: 13C_finetune_commutative_cnn_20260702_151104
Experiment run folder: /run/media/fabrizio/06bb7271-2161-43a4-91f1-98f9b67e9ab2/home/fabrizio/code/ZebraFish/artifacts/campaigns/cnn_pretrain_finetune/cnn_pretrain_finetune_20260701_130749_69a864/outputs/13C/runs/13C_finetune_commutative_cnn_20260702_151104
Using pretrained encoder checkpoint: /run/media/fabrizio/06bb7271-2161-43a4-91f1-98f9b67e9ab2/home/fabrizio/code/ZebraFish/artifacts/campaigns/cnn_pretrain_finetune/cnn_pretrain_finetune_20260701_130749_69a864/outputs/10C/runs/10C_pretrain_commutative_cnn_20260701_130752/10C_pretrain_commutative_cnn_20260701_130752_encoder_state.pt
Fine-tune loss PDFs: /run/media/fabrizio/06bb7271-2161-43a4-91f1-98f9b67e9ab2/home/fabrizio/code/ZebraFish/artifacts/campaigns/cnn_pretrain_finetune/cnn_pretrain_finetune_20260701_130749_69a864/outputs/13C/runs/13C_finetune_commutative_cnn_20260702_151104/loss_plots/fine_tune
Commutative CNN model: parameters=183,903 trainable=183,903 size=0.70 MB
cols:
    ep=epoch
    lr=learning_rate
    eta=estimated_time_remaining
    trL=train_loss
    trA=train_action_loss
    trWO=train_water_vs_other_loss
    trFA=train_feature_alignment_loss
    trCo=train_compound_loss
    trCn=train_concentration_loss
    vaL=val_loss
    vaA=val_action_loss
    vaWO=val_water_vs_other_loss
    vaFA=val_feature_alignment_loss
    vaCo=val_compound_loss
    vaCn=val_concentration_loss
     ep       lr       eta |      trL      trA     trWO     trFA     trCo     trCn |      vaL      vaA     vaWO     vaFA     vaCo     vaCn
001/120 8.00e-06   9:36:57 |   3.2873   1.3943   0.7237   0.2018   2.5501   1.0926 |   3.1870   1.3189   0.7163   0.3044   2.4876   1.0910
002/120 8.00e-06   9:31:27 |   3.2098   1.3617   0.7029   0.6227   2.4893   1.0882 |   3.0909   1.3088   0.6989   1.1606   2.3971   1.0819
003/120 8.00e-06   9:27:25 |   3.1585   1.3467   0.6883   0.9901   2.4457   1.0864 |   3.0570   1.3005   0.6938   1.4812   2.3672   1.0863
004/120 8.00e-06   9:25:10 |   3.1315   1.3326   0.6778   1.1520   2.4259   1.0835 |   3.0337   1.2909   0.6906   1.6763   2.3487   1.0901
005/120 8.00e-06   9:20:41 |   3.1178   1.3273   0.6708   1.1723   2.4151   1.0805 |   3.0184   1.2814   0.6870   1.9476   2.3380   1.0942
006/120 8.00e-06   9:17:02 |   3.0957   1.3164   0.6626   1.2923   2.3984   1.0797 |   2.9981   1.2708   0.6864   2.0334   2.3229   1.0963
007/120 8.00e-06   9:12:37 |   3.0749   1.3116   0.6589   1.3248   2.3800   1.0800 |   2.9822   1.2641   0.6857   2.0871   2.3103   1.0989
008/120 8.00e-06   9:08:26 |   3.0577   1.3005   0.6543   1.3645   2.3686   1.0758 |   2.9649   1.2558   0.6868   2.0800   2.2971   1.1003
009/120 8.00e-06   9:03:06 |   3.0488   1.2961   0.6508   1.3836   2.3619   1.0764 |   2.9516   1.2451   0.6873   2.2060   2.2891   1.1032
010/120 8.00e-06   9:02:46 |   3.0292   1.2890   0.6472   1.4883   2.3460   1.0755 |   2.9392   1.2386   0.6883   2.2556   2.2798   1.1059
011/120 8.00e-06  13:00:35 |   3.0257   1.2886   0.6454   1.4333   2.3427   1.0755 |   2.9289   1.2299   0.6901   2.3713   2.2738   1.1086
012/120 8.00e-06  13:23:51 |   3.0022   1.2805   0.6419   1.5366   2.3232   1.0758 |   2.9139   1.2248   0.6919   2.2708   2.2612   1.1097
013/120 8.00e-06  16:33:40 |   2.9937   1.2784   0.6393   1.4869   2.3159   1.0731 |   2.9118   1.2178   0.6922   2.4786   2.2626   1.1120
014/120 8.00e-06  17:28:28 |   2.9669   1.2699   0.6368   1.6281   2.2934   1.0738 |   2.8960   1.2111   0.6947   2.4467   2.2500   1.1150
015/120 8.00e-06  17:15:01 |   2.9649   1.2642   0.6359   1.6213   2.2943   1.0726 |   2.8910   1.2058   0.6961   2.5635   2.2476   1.1179
016/120 8.00e-06  18:55:43 |   2.9464   1.2523   0.6335   1.6109   2.2819   1.0687 |   2.8843   1.2012   0.6976   2.6145   2.2432   1.1204
017/120 8.00e-06  19:34:56 |   2.9371   1.2470   0.6314   1.6663   2.2752   1.0680 |   2.8769   1.1973   0.6980   2.6178   2.2377   1.1211
018/120 8.00e-06  18:50:32 |   2.9340   1.2495   0.6289   1.7160   2.2709   1.0692 |   2.8778   1.1944   0.7001   2.7916   2.2399   1.1253
019/120 8.00e-06  18:07:20 |   2.9141   1.2426   0.6277   1.7301   2.2545   1.0682 |   2.8693   1.1899   0.6997   2.8068   2.2336   1.1246
020/120 8.00e-06  17:27:11 |   2.9028   1.2376   0.6256   1.8012   2.2459   1.0642 |   2.8589   1.1853   0.6952   2.7426   2.2257   1.1208
021/120 8.00e-06  16:50:06 |   2.9050   1.2373   0.6249   1.8156   2.2481   1.0658 |   2.8564   1.1829   0.6934   2.7689   2.2244   1.1213
022/120 8.00e-06  16:15:55 |   2.8823   1.2280   0.6223   1.8223   2.2301   1.0646 |   2.8549   1.1797   0.6942   2.8765   2.2244   1.1230
023/120 8.00e-06  15:44:21 |   2.8780   1.2276   0.6196   1.9013   2.2261   1.0648 |   2.8500   1.1758   0.6914   2.9014   2.2215   1.1219
024/120 8.00e-06  15:15:09 |   2.8615   1.2144   0.6189   1.9093   2.2161   1.0646 |   2.8454   1.1729   0.6881   2.8772   2.2184   1.1209
025/120 8.00e-06  14:48:01 |   2.8552   1.2130   0.6163   1.9485   2.2107   1.0632 |   2.8381   1.1671   0.6818   2.8755   2.2142   1.1165
026/120 8.00e-06  14:22:25 |   2.8443   1.2126   0.6132   1.9503   2.2000   1.0595 |   2.8339   1.1636   0.6796   2.9367   2.2118   1.1148
027/120 8.00e-06  13:58:11 |   2.8358   1.2064   0.6118   1.9769   2.1947   1.0603 |   2.8225   1.1583   0.6777   2.8845   2.2031   1.1143
028/120 8.00e-06  13:35:29 |   2.8296   1.2037   0.6129   1.9627   2.1898   1.0601 |   2.8224   1.1570   0.6757   2.9261   2.2037   1.1141
029/120 8.00e-06  13:14:11 |   2.8164   1.1973   0.6090   1.9901   2.1800   1.0547 |   2.8147   1.1533   0.6747   2.9528   2.1979   1.1135
030/120 8.00e-06  12:53:50 |   2.8040   1.1917   0.6078   2.0255   2.1704   1.0569 |   2.8116   1.1516   0.6735   2.9123   2.1956   1.1138
031/120 8.00e-06  12:34:29 |   2.7913   1.1835   0.6066   2.0020   2.1618   1.0565 |   2.7860   1.1365   0.6729   2.8551   2.1777   1.1115
032/120 8.00e-06  12:16:00 |   2.7899   1.1810   0.6065   2.0564   2.1616   1.0567 |   2.8132   1.1533   0.6730   2.9240   2.1964   1.1165
033/120 8.00e-06  11:58:28 |   2.7621   1.1699   0.6052   2.0190   2.1394   1.0564 |   2.7795   1.1320   0.6720   2.8705   2.1734   1.1126
034/120 8.00e-06  11:41:39 |   2.7535   1.1684   0.6043   2.0657   2.1317   1.0539 |   2.7832   1.1343   0.6721   2.9402   2.1760   1.1133
035/120 8.00e-06  11:25:26 |   2.7566   1.1709   0.6040   2.0056   2.1335   1.0556 |   2.7669   1.1254   0.6719   2.8125   2.1641   1.1140
036/120 8.00e-06  11:09:43 |   2.7408   1.1640   0.6024   2.0290   2.1211   1.0539 |   2.7659   1.1255   0.6725   2.8576   2.1630   1.1146
037/120 8.00e-06  10:54:39 |   2.7237   1.1549   0.6022   2.0148   2.1086   1.0533 |   2.7438   1.1113   0.6739   2.8121   2.1480   1.1139
038/120 8.00e-06  10:40:05 |   2.7213   1.1559   0.6017   2.0183   2.1057   1.0540 |   2.7400   1.1098   0.6723   2.7000   2.1450   1.1138
039/120 8.00e-06  10:26:07 |   2.7274   1.1610   0.6004   1.9901   2.1093   1.0519 |   2.7173   1.0951   0.6713   2.6779   2.1297   1.1103
040/120 8.00e-06  10:12:31 |   2.7008   1.1464   0.5995   2.0001   2.0901   1.0521 |   2.7289   1.1019   0.6747   2.7836   2.1377   1.1153
041/120 8.00e-06   9:59:28 |   2.6953   1.1415   0.5995   2.0590   2.0869   1.0524 |   2.7312   1.1033   0.6762   2.8321   2.1393   1.1166
042/120 8.00e-06   9:46:50 |   2.6826   1.1339   0.5983   2.0107   2.0781   1.0527 |   2.7324   1.1059   0.6750   2.7095   2.1391   1.1169
043/120 8.00e-06   9:34:34 |   2.6760   1.1339   0.5971   2.0406   2.0716   1.0501 |   2.6996   1.0844   0.6737   2.6942   2.1172   1.1139
044/120 8.00e-06   9:22:33 |   2.6710   1.1349   0.5982   2.0409   2.0661   1.0502 |   2.6986   1.0824   0.6746   2.7225   2.1172   1.1152
045/120 8.00e-06   9:10:53 |   2.6543   1.1217   0.5963   2.0389   2.0560   1.0512 |   2.7018   1.0852   0.6771   2.6965   2.1189   1.1189
046/120 8.00e-06   8:59:34 |   2.6510   1.1247   0.5974   2.0042   2.0512   1.0520 |   2.6773   1.0695   0.6721   2.6079   2.1024   1.1134
047/120 8.00e-06   8:48:30 |   2.6426   1.1152   0.5936   2.0277   2.0476   1.0498 |   2.7030   1.0845   0.6799   2.8743   2.1202   1.1234
048/120 8.00e-06   8:37:42 |   2.6275   1.1097   0.5950   2.0426   2.0352   1.0499 |   2.7148   1.0964   0.6796   2.9510   2.1260   1.1262
049/120 8.00e-06   8:27:08 |   2.6179   1.1086   0.5948   2.0942   2.0262   1.0482 |   2.6676   1.0619   0.6745   2.6863   2.0964   1.1166
050/120 8.00e-06   8:16:47 |   2.6196   1.1060   0.5946   2.0158   2.0291   1.0503 |   2.6976   1.0832   0.6805   2.8996   2.1154   1.1259
051/120 8.00e-06   8:06:34 |   2.6115   1.1012   0.5953   2.0473   2.0235   1.0486 |   2.6586   1.0560   0.6716   2.7142   2.0905   1.1154
052/120 8.00e-06   7:56:39 |   2.6071   1.1021   0.5941   2.0903   2.0187   1.0467 |   2.6568   1.0554   0.6728   2.7041   2.0888   1.1172
053/120 8.00e-06   7:46:52 |   2.5859   1.0910   0.5936   2.0921   2.0031   1.0451 |   2.6465   1.0470   0.6713   2.7157   2.0829   1.1143
054/120 8.00e-06   7:37:11 |   2.5945   1.0857   0.5936   2.0498   2.0143   1.0477 |   2.6740   1.0657   0.6791   2.9308   2.1006   1.1243
055/120 8.00e-06   7:27:48 |   2.5882   1.0945   0.5907   2.0964   2.0036   1.0458 |   2.6573   1.0533   0.6789   2.8259   2.0902   1.1232
056/120 8.00e-06   7:18:34 |   2.5924   1.0953   0.5929   2.1029   2.0075   1.0462 |   2.6358   1.0420   0.6690   2.6721   2.0746   1.1143
057/120 8.00e-06   7:09:30 |   2.5759   1.0859   0.5900   2.1275   1.9957   1.0441 |   2.6462   1.0462   0.6743   2.8236   2.0828   1.1215
058/120 8.00e-06   7:00:31 |   2.5585   1.0720   0.5905   2.0988   1.9852   1.0441 |   2.6491   1.0462   0.6811   2.8161   2.0854   1.1262
059/120 8.00e-06   6:51:45 |   2.5487   1.0678   0.5888   2.1288   1.9777   1.0416 |   2.6357   1.0359   0.6777   2.7829   2.0773   1.1234
060/120 8.00e-06   6:43:01 |   2.5575   1.0738   0.5884   2.1470   1.9835   1.0429 |   2.6390   1.0405   0.6768   2.8405   2.0783   1.1247
061/120 8.00e-06   6:34:30 |   2.5491   1.0729   0.5887   2.1792   1.9755   1.0432 |   2.6322   1.0379   0.6747   2.7865   2.0728   1.1232
062/120 8.00e-06   6:26:06 |   2.5530   1.0717   0.5898   2.1692   1.9800   1.0420 |   2.6200   1.0258   0.6756   2.7455   2.0667   1.1213
063/120 8.00e-06   6:17:51 |   2.5199   1.0548   0.5889   2.1748   1.9555   1.0398 |   2.6371   1.0343   0.6845   2.9014   2.0791   1.1321
064/120 8.00e-06   6:09:39 |   2.5367   1.0629   0.5874   2.2006   1.9683   1.0379 |   2.6118   1.0216   0.6732   2.7129   2.0607   1.1201
065/120 8.00e-06   6:01:34 |   2.5169   1.0534   0.5880   2.1838   1.9531   1.0422 |   2.6155   1.0237   0.6775   2.7347   2.0632   1.1239
066/120 8.00e-06   5:53:32 |   2.5433   1.0697   0.5867   2.2493   1.9714   1.0390 |   2.6309   1.0302   0.6859   2.9070   2.0749   1.1340
067/120 8.00e-06   5:45:39 |   2.5359   1.0661   0.5864   2.2085   1.9659   1.0373 |   2.6052   1.0178   0.6730   2.7283   2.0560   1.1213
068/120 8.00e-06   5:37:50 |   2.5199   1.0570   0.5867   2.1736   1.9544   1.0394 |   2.6107   1.0166   0.6821   2.7920   2.0617   1.1286
069/120 8.00e-06   5:30:07 |   2.5062   1.0502   0.5882   2.2097   1.9441   1.0387 |   2.6174   1.0192   0.6866   2.8679   2.0670   1.1333
070/120 8.00e-06   5:22:28 |   2.5138   1.0559   0.5865   2.2226   1.9488   1.0392 |   2.6055   1.0165   0.6768   2.8067   2.0568   1.1257
071/120 8.00e-06   5:14:54 |   2.5000   1.0461   0.5864   2.2936   1.9400   1.0357 |   2.6099   1.0204   0.6784   2.8286   2.0591   1.1285
072/120 8.00e-06   5:07:24 |   2.4884   1.0391   0.5883   2.2077   1.9319   1.0376 |   2.6140   1.0205   0.6833   2.9443   2.0629   1.1339
073/120 8.00e-06   4:59:59 |   2.4935   1.0460   0.5881   2.2688   1.9335   1.0387 |   2.6028   1.0156   0.6770   2.8726   2.0544   1.1267
074/120 8.00e-06   4:52:39 |   2.4973   1.0486   0.5874   2.2600   1.9361   1.0366 |   2.6006   1.0130   0.6787   2.8453   2.0534   1.1281
075/120 8.00e-06   4:45:23 |   2.4910   1.0523   0.5846   2.2971   1.9280   1.0356 |   2.5998   1.0133   0.6795   2.8745   2.0525   1.1300
076/120 8.00e-06   4:38:11 |   2.4776   1.0368   0.5869   2.3792   1.9223   1.0366 |   2.6034   1.0156   0.6810   2.9340   2.0548   1.1328
077/120 8.00e-06   4:31:01 |   2.4542   1.0150   0.5878   2.3875   1.9098   1.0376 |   2.6049   1.0154   0.6851   2.9526   2.0563   1.1365
078/120 8.00e-06   4:23:56 |   2.4743   1.0416   0.5829   2.3299   1.9166   1.0354 |   2.6177   1.0260   0.6870   3.1480   2.0636   1.1430
079/120 4.00e-06   4:16:55 |   2.4784   1.0358   0.5841   2.3661   1.9236   1.0350 |   2.6180   1.0192   0.6943   3.1764   2.0670   1.1490
080/120 4.00e-06   4:09:57 |   2.4695   1.0414   0.5852   2.4054   1.9120   1.0345 |   2.6118   1.0153   0.6924   3.1013   2.0629   1.1457
081/120 4.00e-06   4:03:02 |   2.4672   1.0356   0.5846   2.3662   1.9125   1.0341 |   2.5987   1.0112   0.6847   2.9718   2.0522   1.1365
082/120 4.00e-06   3:56:09 |   2.4648   1.0278   0.5837   2.4374   1.9140   1.0333 |   2.6144   1.0172   0.6944   3.1616   2.0644   1.1479
083/120 2.00e-06   3:49:18 |   2.4676   1.0420   0.5830   2.4078   1.9098   1.0326 |   2.6007   1.0121   0.6856   3.0189   2.0537   1.1386
084/120 2.00e-06   3:42:29 |   2.4639   1.0325   0.5811   2.4159   1.9109   1.0299 |   2.5957   1.0119   0.6813   2.9878   2.0489   1.1347
085/120 2.00e-06   3:35:43 |   2.4627   1.0357   0.5820   2.3636   1.9081   1.0336 |   2.5992   1.0114   0.6857   3.0079   2.0525   1.1382
086/120 2.00e-06   3:29:01 |   2.4442   1.0198   0.5810   2.3731   1.8975   1.0329 |   2.6001   1.0123   0.6866   3.0350   2.0529   1.1397
087/120 2.00e-06   3:22:23 |   2.4568   1.0278   0.5805   2.3960   1.9061   1.0302 |   2.6002   1.0113   0.6873   3.0349   2.0534   1.1401
088/120 2.00e-06   3:15:46 |   2.4543   1.0287   0.5844   2.4036   1.9031   1.0333 |   2.6106   1.0141   0.6956   3.1674   2.0622   1.1490
089/120 1.00e-06   3:09:12 |   2.4576   1.0260   0.5828   2.4817   1.9078   1.0329 |   2.5973   1.0108   0.6855   3.0143   2.0508   1.1385
090/120 1.00e-06   3:02:39 |   2.4467   1.0261   0.5801   2.4021   1.8969   1.0311 |   2.5994   1.0109   0.6882   3.0590   2.0529   1.1410
091/120 1.00e-06   2:56:10 |   2.4485   1.0192   0.5850   2.4342   1.9021   1.0335 |   2.6006   1.0109   0.6898   3.0723   2.0540   1.1426
092/120 1.00e-06   2:49:43 |   2.4484   1.0261   0.5827   2.4004   1.8986   1.0331 |   2.6003   1.0114   0.6892   3.0740   2.0534   1.1425
093/120 1.00e-06   2:43:20 |   2.4593   1.0294   0.5815   2.4065   1.9079   1.0303 |   2.5975   1.0104   0.6872   3.0381   2.0512   1.1404
094/120 1.00e-06   2:36:57 |   2.4417   1.0212   0.5810   2.3863   1.8944   1.0298 |   2.5939   1.0098   0.6843   2.9973   2.0480   1.1374
095/120 1.00e-06   2:30:35 |   2.4626   1.0317   0.5819   2.3782   1.9100   1.0301 |   2.6004   1.0122   0.6888   3.0804   2.0531   1.1428
096/120 1.00e-06   2:24:16 |   2.4435   1.0197   0.5804   2.4489   1.8969   1.0304 |   2.5981   1.0109   0.6879   3.0608   2.0515   1.1417
097/120 1.00e-06   2:17:59 |   2.4465   1.0237   0.5804   2.4400   1.8979   1.0313 |   2.5968   1.0109   0.6869   3.0531   2.0503   1.1406
098/120 1.00e-06   2:11:43 |   2.4480   1.0277   0.5803   2.3910   1.8975   1.0297 |   2.5962   1.0097   0.6872   3.0367   2.0503   1.1404
099/120 1.00e-06   2:05:29 |   2.4489   1.0268   0.5816   2.4511   1.8988   1.0311 |   2.5948   1.0097   0.6865   3.0419   2.0489   1.1398
100/120 1.00e-06   1:59:17 |   2.4480   1.0235   0.5825   2.4273   1.8994   1.0328 |   2.5976   1.0099   0.6888   3.0608   2.0515   1.1421
101/120 1.00e-06   1:53:07 |   2.4472   1.0192   0.5827   2.4258   1.9008   1.0308 |   2.5997   1.0109   0.6898   3.0753   2.0531   1.1431
102/120 1.00e-06   1:46:58 |   2.4673   1.0361   0.5798   2.4552   1.9125   1.0313 |   2.5984   1.0105   0.6894   3.0856   2.0520   1.1430
103/120 1.00e-06   1:40:50 |   2.4305   1.0087   0.5823   2.4362   1.8895   1.0294 |   2.5965   1.0097   0.6885   3.0555   2.0505   1.1419
104/120 1.00e-06   1:34:44 |   2.4286   1.0115   0.5808   2.5267   1.8861   1.0284 |   2.5965   1.0100   0.6881   3.0533   2.0504   1.1417
105/120 1.00e-06   1:28:39 |   2.4435   1.0180   0.5788   2.4655   1.8978   1.0269 |   2.5960   1.0099   0.6882   3.0634   2.0499   1.1418
106/120 1.00e-06   1:22:36 |   2.4343   1.0165   0.5814   2.4837   1.8894   1.0280 |   2.5954   1.0096   0.6877   3.0450   2.0495   1.1413
107/120 1.00e-06   1:16:34 |   2.4449   1.0223   0.5805   2.4090   1.8971   1.0274 |   2.5970   1.0096   0.6897   3.0789   2.0510   1.1434
108/120 1.00e-06   1:10:33 |   2.4536   1.0295   0.5809   2.5004   1.9021   1.0300 |   2.5983   1.0094   0.6912   3.0900   2.0524   1.1449
109/120 1.00e-06   1:04:34 |   2.4430   1.0224   0.5813   2.4008   1.8950   1.0325 |   2.5949   1.0086   0.6889   3.0665   2.0495   1.1424
110/120 1.00e-06     58:36 |   2.4391   1.0240   0.5857   2.4194   1.8903   1.0317 |   2.5973   1.0083   0.6915   3.0894   2.0519   1.1448
111/120 1.00e-06     52:39 |   2.4544   1.0283   0.5808   2.4645   1.9036   1.0299 |   2.5961   1.0083   0.6904   3.0747   2.0507   1.1437
112/120 1.00e-06     46:44 |   2.4382   1.0206   0.5805   2.4514   1.8913   1.0270 |   2.5961   1.0089   0.6901   3.0781   2.0504   1.1436
113/120 1.00e-06     40:50 |   2.4469   1.0233   0.5794   2.4659   1.8986   1.0296 |   2.5935   1.0083   0.6882   3.0639   2.0482   1.1420
114/120 1.00e-06     34:56 |   2.4448   1.0266   0.5805   2.4565   1.8949   1.0277 |   2.5932   1.0082   0.6881   3.0619   2.0480   1.1421
115/120 1.00e-06     29:04 |   2.4354   1.0165   0.5826   2.4626   1.8905   1.0296 |   2.5959   1.0088   0.6905   3.0993   2.0502   1.1449
116/120 1.00e-06     23:13 |   2.4348   1.0193   0.5782   2.3996   1.8885   1.0287 |   2.5946   1.0082   0.6897   3.0687   2.0493   1.1433
117/120 1.00e-06     17:24 |   2.4474   1.0250   0.5827   2.4745   1.8981   1.0299 |   2.5972   1.0093   0.6914   3.1043   2.0513   1.1455
118/120 1.00e-06     11:35 |   2.4291   1.0134   0.5810   2.4429   1.8857   1.0306 |   2.5930   1.0088   0.6878   3.0732   2.0475   1.1421
119/120 1.00e-06     05:47 |   2.4262   1.0094   0.5806   2.4704   1.8848   1.0302 |   2.5977   1.0094   0.6922   3.1144   2.0517   1.1461
120/120 1.00e-06     00:00 |   2.4383   1.0136   0.5820   2.4520   1.8948   1.0281 |   2.5905   1.0076   0.6867   3.0381   2.0456   1.1401
select_best epoch=120 best_epoch=116 best_metric=2.0493
13C run complete: artifacts/campaigns/cnn_pretrain_finetune/cnn_pretrain_finetune_20260701_130749_69a864/outputs/13C/runs/13C_finetune_commutative_cnn_20260702_151104
