Experiment id: 13C_finetune_commutative_cnn_20260701_050638
Experiment run folder: /run/media/fabrizio/06bb7271-2161-43a4-91f1-98f9b67e9ab2/home/fabrizio/code/ZebraFish/artifacts/campaigns/cnn_pretrain_finetune/cnn_pretrain_finetune_20260629_100031_3ff738/outputs/13C/runs/13C_finetune_commutative_cnn_20260701_050638
Using pretrained encoder checkpoint: /run/media/fabrizio/06bb7271-2161-43a4-91f1-98f9b67e9ab2/home/fabrizio/code/ZebraFish/artifacts/campaigns/cnn_pretrain_finetune/cnn_pretrain_finetune_20260629_100031_3ff738/outputs/10C/runs/10C_pretrain_commutative_cnn_20260629_100055/10C_pretrain_commutative_cnn_20260629_100055_encoder_state.pt
Fine-tune loss PDFs: /run/media/fabrizio/06bb7271-2161-43a4-91f1-98f9b67e9ab2/home/fabrizio/code/ZebraFish/artifacts/campaigns/cnn_pretrain_finetune/cnn_pretrain_finetune_20260629_100031_3ff738/outputs/13C/runs/13C_finetune_commutative_cnn_20260701_050638/loss_plots/fine_tune
Commutative CNN model: parameters=183,903 trainable=183,903 size=0.70 MB
cols:
    ep=epoch
    lr=learning_rate
    eta=estimated_time_remaining
    trL=train_loss
    trA=train_action_loss
    trWO=train_water_vs_other_loss
    trFA=train_feature_alignment_loss
    trCo=train_compound_loss
    trCn=train_concentration_loss
    vaL=val_loss
    vaA=val_action_loss
    vaWO=val_water_vs_other_loss
    vaFA=val_feature_alignment_loss
    vaCo=val_compound_loss
    vaCn=val_concentration_loss
     ep       lr       eta |      trL      trA     trWO     trFA     trCo     trCn |      vaL      vaA     vaWO     vaFA     vaCo     vaCn
001/120 8.00e-06   9:27:37 |   3.0305   1.3917   0.6619   0.1897   2.5723   1.1023 |   2.9597   1.3037   0.6624   0.1992   2.5559   1.0932
002/120 8.00e-06   9:24:47 |   2.9519   1.3232   0.6503   0.5382   2.5305   1.0960 |   2.8788   1.2388   0.6552   1.0431   2.5085   1.0800
003/120 8.00e-06   9:20:09 |   2.9148   1.2995   0.6401   0.7675   2.5038   1.0922 |   2.8512   1.2273   0.6560   1.1696   2.4834   1.0790
004/120 8.00e-06   9:15:14 |   2.8956   1.2932   0.6357   0.8673   2.4851   1.0895 |   2.8259   1.2212   0.6580   1.1054   2.4565   1.0817
005/120 8.00e-06   9:10:07 |   2.8781   1.2797   0.6331   0.8545   2.4747   1.0852 |   2.8130   1.2182   0.6599   1.1246   2.4428   1.0823
006/120 8.00e-06   9:05:05 |   2.8647   1.2836   0.6313   0.8753   2.4546   1.0854 |   2.8041   1.2144   0.6616   1.2228   2.4348   1.0815
007/120 8.00e-06   9:00:01 |   2.8512   1.2770   0.6294   0.8944   2.4434   1.0832 |   2.7915   1.2105   0.6640   1.2419   2.4220   1.0827
008/120 8.00e-06   8:54:51 |   2.8370   1.2717   0.6288   0.9308   2.4300   1.0836 |   2.7812   1.2100   0.6662   1.2288   2.4095   1.0825
009/120 8.00e-06   8:52:18 |   2.8309   1.2696   0.6313   0.8948   2.4240   1.0834 |   2.7737   1.2067   0.6671   1.3283   2.4028   1.0816
010/120 8.00e-06   8:49:02 |   2.8194   1.2685   0.6305   0.9576   2.4105   1.0816 |   2.7597   1.2054   0.6694   1.2970   2.3861   1.0835
011/120 8.00e-06   8:44:54 |   2.8042   1.2648   0.6291   0.9857   2.3948   1.0802 |   2.7490   1.2012   0.6705   1.3735   2.3762   1.0843
012/120 8.00e-06   8:40:04 |   2.7894   1.2529   0.6292   1.0125   2.3859   1.0803 |   2.7418   1.2007   0.6722   1.4313   2.3676   1.0833
013/120 8.00e-06   8:36:14 |   2.7830   1.2598   0.6279   1.0644   2.3723   1.0805 |   2.7305   1.1991   0.6743   1.4291   2.3546   1.0856
014/120 8.00e-06   8:31:49 |   2.7681   1.2569   0.6272   1.0586   2.3563   1.0778 |   2.7231   1.1970   0.6751   1.5161   2.3471   1.0845
015/120 8.00e-06   8:28:09 |   2.7637   1.2525   0.6275   1.0853   2.3543   1.0794 |   2.7160   1.1960   0.6763   1.5767   2.3389   1.0852
016/120 8.00e-06   8:24:49 |   2.7389   1.2356   0.6249   1.1202   2.3371   1.0768 |   2.7070   1.1934   0.6777   1.5816   2.3296   1.0878
017/120 8.00e-06   8:20:51 |   2.7339   1.2404   0.6248   1.1451   2.3270   1.0762 |   2.6988   1.1913   0.6795   1.6250   2.3209   1.0892
018/120 8.00e-06   8:16:22 |   2.7297   1.2335   0.6260   1.1447   2.3274   1.0767 |   2.6936   1.1914   0.6806   1.6934   2.3143   1.0898
019/120 8.00e-06   8:11:11 |   2.7209   1.2378   0.6247   1.1937   2.3128   1.0776 |   2.6870   1.1899   0.6823   1.6963   2.3070   1.0926
020/120 8.00e-06   8:05:46 |   2.7081   1.2345   0.6254   1.2763   2.2996   1.0769 |   2.6793   1.1871   0.6832   1.7282   2.2995   1.0953
021/120 8.00e-06   8:00:03 |   2.6958   1.2259   0.6224   1.2869   2.2913   1.0771 |   2.6735   1.1849   0.6844   1.7554   2.2938   1.0980
022/120 8.00e-06   7:54:34 |   2.6899   1.2255   0.6220   1.3415   2.2844   1.0752 |   2.6686   1.1831   0.6857   1.7837   2.2889   1.1005
023/120 8.00e-06   7:49:04 |   2.6784   1.2208   0.6224   1.3589   2.2738   1.0749 |   2.6609   1.1785   0.6861   1.7917   2.2829   1.1036
024/120 8.00e-06   7:43:54 |   2.6801   1.2198   0.6215   1.3923   2.2768   1.0750 |   2.6560   1.1768   0.6880   1.8218   2.2779   1.1061
025/120 8.00e-06   7:38:53 |   2.6621   1.2140   0.6223   1.4538   2.2590   1.0735 |   2.6741   1.1898   0.6895   2.0515   2.2900   1.1057
026/120 8.00e-06   7:33:42 |   2.6510   1.2099   0.6194   1.5374   2.2483   1.0755 |   2.6487   1.1736   0.6893   1.9395   2.2711   1.1097
027/120 8.00e-06   7:28:47 |   2.6349   1.2031   0.6179   1.5010   2.2339   1.0744 |   2.6468   1.1731   0.6915   2.0035   2.2690   1.1127
028/120 8.00e-06   7:23:43 |   2.6274   1.1970   0.6176   1.5780   2.2295   1.0733 |   2.6555   1.1795   0.6934   2.1119   2.2744   1.1155
029/120 8.00e-06   7:18:43 |   2.6251   1.1999   0.6167   1.5847   2.2243   1.0747 |   2.6418   1.1704   0.6938   2.0779   2.2645   1.1185
030/120 8.00e-06   7:13:42 |   2.6205   1.1959   0.6164   1.6550   2.2216   1.0770 |   2.6434   1.1721   0.6952   2.1630   2.2649   1.1214
031/120 8.00e-06   7:08:43 |   2.6039   1.1905   0.6155   1.6510   2.2056   1.0719 |   2.6320   1.1641   0.6957   2.1491   2.2570   1.1233
032/120 8.00e-06   7:03:41 |   2.5773   1.1682   0.6141   1.6823   2.1904   1.0729 |   2.6366   1.1671   0.6969   2.1937   2.2602   1.1258
033/120 8.00e-06   6:58:40 |   2.5838   1.1810   0.6107   1.6833   2.1883   1.0728 |   2.6292   1.1619   0.6979   2.2623   2.2550   1.1277
034/120 8.00e-06   6:53:45 |   2.5807   1.1813   0.6145   1.7640   2.1840   1.0732 |   2.6132   1.1496   0.6982   2.2415   2.2448   1.1303
035/120 8.00e-06   6:48:41 |   2.5666   1.1743   0.6138   1.7828   2.1722   1.0704 |   2.5987   1.1384   0.6990   2.2102   2.2356   1.1321
036/120 8.00e-06   6:43:45 |   2.5646   1.1688   0.6134   1.8210   2.1740   1.0736 |   2.6168   1.1543   0.7003   2.3540   2.2452   1.1339
037/120 8.00e-06   6:38:48 |   2.5536   1.1660   0.6129   1.8587   2.1628   1.0713 |   2.6055   1.1457   0.7005   2.3535   2.2379   1.1358
038/120 8.00e-06   6:33:50 |   2.5455   1.1650   0.6095   1.8642   2.1538   1.0669 |   2.5838   1.1289   0.7013   2.3188   2.2243   1.1377
039/120 8.00e-06   6:29:00 |   2.5336   1.1589   0.6090   1.8935   2.1436   1.0716 |   2.5835   1.1271   0.7014   2.3676   2.2253   1.1395
040/120 8.00e-06   6:24:04 |   2.5135   1.1501   0.6093   1.9482   2.1258   1.0687 |   2.5938   1.1360   0.7024   2.4363   2.2308   1.1412
041/120 8.00e-06   6:19:07 |   2.5152   1.1451   0.6089   1.9404   2.1319   1.0688 |   2.5664   1.1138   0.7029   2.4168   2.2145   1.1417
042/120 8.00e-06   6:14:14 |   2.5123   1.1458   0.6089   1.9703   2.1277   1.0687 |   2.5917   1.1350   0.7033   2.4868   2.2287   1.1439
043/120 8.00e-06   6:09:22 |   2.4987   1.1378   0.6085   1.9804   2.1171   1.0718 |   2.5673   1.1155   0.7050   2.4653   2.2141   1.1447
044/120 8.00e-06   6:04:30 |   2.4842   1.1300   0.6103   2.0172   2.1054   1.0680 |   2.5336   1.0899   0.7044   2.4004   2.1929   1.1429
045/120 8.00e-06   5:59:35 |   2.4873   1.1334   0.6082   2.0071   2.1066   1.0686 |   2.5501   1.1038   0.7059   2.4934   2.2020   1.1462
046/120 8.00e-06   5:54:41 |   2.4733   1.1265   0.6091   2.0456   2.0948   1.0662 |   2.5479   1.1019   0.7070   2.5108   2.2007   1.1465
047/120 8.00e-06   5:49:45 |   2.4624   1.1185   0.6110   2.0414   2.0876   1.0669 |   2.5544   1.1084   0.7068   2.5208   2.2035   1.1480
048/120 8.00e-06   5:44:50 |   2.4683   1.1258   0.6091   2.0889   2.0892   1.0654 |   2.5210   1.0838   0.7071   2.5016   2.1819   1.1450
049/120 8.00e-06   5:39:54 |   2.4639   1.1239   0.6072   2.0727   2.0854   1.0657 |   2.5387   1.0973   0.7087   2.5572   2.1928   1.1484
050/120 8.00e-06   5:35:02 |   2.4412   1.1142   0.6070   2.1065   2.0649   1.0650 |   2.5289   1.0905   0.7087   2.5788   2.1860   1.1479
051/120 8.00e-06   5:30:07 |   2.4540   1.1192   0.6061   2.1412   2.0769   1.0650 |   2.5208   1.0858   0.7098   2.5503   2.1798   1.1477
052/120 8.00e-06   5:25:14 |   2.4344   1.1099   0.6076   2.2045   2.0598   1.0648 |   2.5150   1.0828   0.7095   2.5804   2.1750   1.1474
053/120 8.00e-06   5:20:19 |   2.4211   1.0950   0.6071   2.1924   2.0555   1.0619 |   2.5315   1.0946   0.7108   2.6489   2.1858   1.1494
054/120 8.00e-06   5:15:27 |   2.4216   1.1029   0.6081   2.2166   2.0497   1.0626 |   2.5030   1.0758   0.7104   2.6012   2.1656   1.1464
055/120 8.00e-06   5:10:41 |   2.4351   1.1140   0.6066   2.2404   2.0575   1.0633 |   2.5165   1.0861   0.7118   2.6439   2.1740   1.1484
056/120 8.00e-06   5:06:02 |   2.4219   1.1052   0.6077   2.3093   2.0481   1.0629 |   2.5036   1.0778   0.7107   2.6356   2.1649   1.1463
057/120 8.00e-06   5:01:26 |   2.4197   1.1073   0.6081   2.2220   2.0435   1.0663 |   2.5221   1.0912   0.7117   2.6986   2.1768   1.1496
058/120 8.00e-06   4:56:34 |   2.4055   1.0957   0.6092   2.3063   2.0353   1.0638 |   2.5041   1.0792   0.7115   2.6787   2.1644   1.1466
059/120 8.00e-06   4:51:44 |   2.3974   1.0908   0.6062   2.3060   2.0292   1.0646 |   2.5076   1.0817   0.7116   2.6790   2.1665   1.1478
060/120 8.00e-06   4:46:55 |   2.3948   1.0908   0.6087   2.2774   2.0258   1.0652 |   2.5059   1.0820   0.7127   2.7084   2.1641   1.1487
061/120 8.00e-06   4:42:05 |   2.3969   1.0923   0.6063   2.3286   2.0274   1.0635 |   2.5225   1.0937   0.7127   2.7750   2.1753   1.1490
062/120 8.00e-06   4:37:20 |   2.3847   1.0860   0.6067   2.3204   2.0172   1.0628 |   2.5275   1.0983   0.7135   2.7956   2.1777   1.1502
063/120 8.00e-06   4:32:29 |   2.3681   1.0727   0.6029   2.3534   2.0076   1.0601 |   2.4920   1.0746   0.7119   2.7320   2.1530   1.1464
064/120 4.00e-06   4:27:39 |   2.3948   1.0957   0.6064   2.3943   2.0219   1.0644 |   2.5272   1.0986   0.7151   2.8487   2.1769   1.1524
065/120 4.00e-06   4:22:52 |   2.3884   1.0905   0.6043   2.3844   2.0185   1.0606 |   2.4939   1.0757   0.7126   2.7746   2.1543   1.1475
066/120 4.00e-06   4:18:03 |   2.3725   1.0805   0.6041   2.3743   2.0067   1.0615 |   2.5079   1.0854   0.7144   2.8187   2.1637   1.1503
067/120 4.00e-06   4:13:14 |   2.3631   1.0788   0.6086   2.3674   1.9962   1.0622 |   2.5235   1.0949   0.7154   2.8536   2.1753   1.1527
068/120 4.00e-06   4:11:46 |   2.3671   1.0772   0.6063   2.4281   2.0024   1.0626 |   2.5050   1.0832   0.7145   2.8101   2.1619   1.1499
069/120 4.00e-06   4:07:09 |   2.3733   1.0847   0.6080   2.3413   2.0042   1.0612 |   2.4927   1.0753   0.7131   2.8025   2.1530   1.1479
070/120 4.00e-06   4:02:57 |   2.3756   1.0862   0.6077   2.4041   2.0058   1.0621 |   2.5112   1.0877   0.7151   2.8319   2.1658   1.1510
071/120 4.00e-06   3:59:56 |   2.3723   1.0810   0.6065   2.4191   2.0059   1.0617 |   2.5195   1.0940   0.7159   2.8914   2.1710   1.1520
072/120 4.00e-06   3:55:29 |   2.3555   1.0741   0.6090   2.4914   1.9906   1.0590 |   2.5018   1.0815   0.7145   2.8399   2.1593   1.1493
073/120 2.00e-06   3:50:49 |   2.3693   1.0814   0.6068   2.4334   2.0019   1.0591 |   2.5062   1.0845   0.7151   2.8563   2.1622   1.1501
074/120 2.00e-06   3:46:26 |   2.3553   1.0701   0.6051   2.4426   1.9937   1.0604 |   2.5066   1.0849   0.7154   2.8790   2.1624   1.1507
075/120 2.00e-06   3:41:59 |   2.3569   1.0741   0.6064   2.4339   1.9923   1.0616 |   2.5093   1.0871   0.7159   2.8874   2.1639   1.1512
076/120 2.00e-06   3:37:39 |   2.3694   1.0858   0.6028   2.4571   1.9986   1.0595 |   2.5057   1.0845   0.7157   2.8793   2.1615   1.1508
077/120 1.00e-06   3:33:29 |   2.3628   1.0770   0.6066   2.4757   1.9974   1.0610 |   2.5107   1.0882   0.7163   2.8914   2.1647   1.1517
078/120 1.00e-06   3:39:06 |   2.3562   1.0687   0.6071   2.4611   1.9960   1.0584 |   2.5110   1.0887   0.7163   2.9034   2.1647   1.1515
079/120 1.00e-06   3:39:24 |   2.3476   1.0661   0.6068   2.4654   1.9873   1.0581 |   2.5177   1.0930   0.7168   2.9216   2.1696   1.1524
080/120 1.00e-06   3:34:57 |   2.3580   1.0731   0.6038   2.4182   1.9948   1.0590 |   2.5142   1.0906   0.7167   2.9131   2.1672   1.1522
081/120 1.00e-06   3:29:34 |   2.3503   1.0730   0.6052   2.5002   1.9852   1.0593 |   2.5068   1.0859   0.7162   2.8998   2.1618   1.1511
082/120 1.00e-06   3:24:12 |   2.3570   1.0741   0.6078   2.4952   1.9925   1.0599 |   2.5085   1.0869   0.7164   2.9056   2.1630   1.1512
083/120 1.00e-06   3:18:46 |   2.3414   1.0649   0.6057   2.4702   1.9805   1.0598 |   2.5120   1.0895   0.7166   2.9162   2.1653   1.1517
early_stop epoch=083 best_epoch=069 best_metric=2.1619
13C run complete: artifacts/campaigns/cnn_pretrain_finetune/cnn_pretrain_finetune_20260629_100031_3ff738/outputs/13C/runs/13C_finetune_commutative_cnn_20260701_050638
