Experiment id: 10C_pretrain_commutative_cnn_20260629_100055
Experiment run folder: /run/media/fabrizio/06bb7271-2161-43a4-91f1-98f9b67e9ab2/home/fabrizio/code/ZebraFish/artifacts/campaigns/cnn_pretrain_finetune/cnn_pretrain_finetune_20260629_100031_3ff738/outputs/10C/runs/10C_pretrain_commutative_cnn_20260629_100055
Per-run commutative CNN pretraining config: /run/media/fabrizio/06bb7271-2161-43a4-91f1-98f9b67e9ab2/home/fabrizio/code/ZebraFish/artifacts/campaigns/cnn_pretrain_finetune/cnn_pretrain_finetune_20260629_100031_3ff738/outputs/10C/runs/10C_pretrain_commutative_cnn_20260629_100055/10C_pretrain_commutative_cnn_20260629_100055_config.yaml
{'all_tensors': (2144, 20, 5, 96, 96), 'train_base_tensors': (1822, 20, 5, 96, 96), 'train_tensors': (1822, 20, 5, 96, 96), 'val_tensors': (322, 20, 5, 96, 96)}
Commutative CNN model: parameters=182,603 trainable=182,603 size=0.70 MB
cols:
    ep=epoch
    lr=learning_rate
    eta=estimated_time_remaining
    trL=train_loss
    trS=train_self_probe_loss
    trX=train_cross_probe_loss
    trP=train_prototype_alignment_loss
    trLA=train_latent_alignment_loss
     ep       lr       eta |      trL      trS      trX      trP     trLA |      vaL      vaS      vaX      vaP     vaLA
001/140 3.00e-05  84:36:29 |   2.5563   2.5563   0.1018   4.5008   0.3566 |   6.9685   6.9685   0.0622   4.3541   0.2571
002/140 3.00e-05  83:39:15 |   2.5156   2.5156   0.0873   4.4376   0.3777 |   6.9309   6.9309   0.0625   4.3325   0.3224
003/140 3.00e-05  82:46:30 |   2.4865   2.4865   0.0892   4.3861   0.4211 |   6.8932   6.8932   0.0648   4.2887   0.3559
004/140 3.00e-05  82:07:23 |   2.4608   2.4608   0.0941   4.3404   0.4520 |   6.8609   6.8609   0.0731   4.2611   0.3854
005/140 3.00e-05  81:24:56 |   2.4398   2.4398   0.0998   4.3173   0.4560 |   6.8318   6.8318   0.0796   4.2577   0.3875
006/140 3.00e-05  80:46:24 |   2.4242   2.4242   0.1042   4.2939   0.4624 |   6.8063   6.8063   0.0828   4.2503   0.4048
007/140 3.00e-05  80:08:00 |   2.4052   2.4052   0.1096   4.2751   0.4613 |   6.7764   6.7764   0.0926   4.2394   0.4114
008/140 3.00e-05  79:30:09 |   2.3858   2.3858   0.1130   4.2597   0.4591 |   6.7465   6.7465   0.0960   4.2378   0.4298
009/140 3.00e-05  78:55:38 |   2.3873   2.3873   0.1169   4.2493   0.4733 |   6.7242   6.7242   0.0950   4.2256   0.4175
010/140 3.00e-05  78:19:07 |   2.3685   2.3685   0.1190   4.2346   0.4663 |   6.6994   6.6994   0.0852   4.2090   0.4073
011/140 3.00e-05  77:41:29 |   2.3572   2.3572   0.1239   4.2185   0.4516 |   6.6676   6.6676   0.1008   4.2081   0.4141
012/140 3.00e-05  77:03:08 |   2.3443   2.3443   0.1261   4.2107   0.4484 |   6.6437   6.6437   0.1068   4.2006   0.4036
013/140 3.00e-05  76:25:29 |   2.3350   2.3350   0.1296   4.2028   0.4479 |   6.6121   6.6121   0.1123   4.1933   0.4137
014/140 3.00e-05  75:48:15 |   2.3278   2.3278   0.1324   4.1942   0.4519 |   6.5789   6.5789   0.1046   4.1872   0.4049
015/140 3.00e-05  75:10:42 |   2.3218   2.3218   0.1308   4.1854   0.4256 |   6.5421   6.5421   0.1210   4.1822   0.4073
016/140 3.00e-05  74:34:03 |   2.3018   2.3018   0.1361   4.1801   0.4354 |   6.5134   6.5134   0.1175   4.1756   0.3983
017/140 3.00e-05  73:56:19 |   2.2755   2.2755   0.1368   4.1743   0.4249 |   6.4762   6.4762   0.1256   4.1714   0.3939
018/140 3.00e-05  73:19:57 |   2.2789   2.2789   0.1400   4.1708   0.4301 |   6.4344   6.4344   0.1106   4.1686   0.3944
019/140 3.00e-05  72:43:27 |   2.2615   2.2615   0.1416   4.1675   0.4228 |   6.4189   6.4189   0.1136   4.1663   0.4048
020/140 3.00e-05  72:08:02 |   2.2376   2.2376   0.1420   4.1650   0.4184 |   6.3578   6.3578   0.1342   4.1635   0.3791
021/140 3.00e-05  71:32:06 |   2.2415   2.2415   0.1449   4.1628   0.4033 |   6.3302   6.3302   0.1291   4.1618   0.3688
022/140 3.00e-05  70:56:03 |   2.2269   2.2269   0.1449   4.1613   0.3885 |   6.2738   6.2738   0.1372   4.1608   0.3700
023/140 3.00e-05  70:19:28 |   2.2007   2.2007   0.1474   4.1604   0.3899 |   6.2292   6.2292   0.1499   4.1600   0.3733
024/140 3.00e-05  69:43:17 |   2.1931   2.1931   0.1497   4.1598   0.3905 |   6.1713   6.1713   0.1401   4.1595   0.3603
025/140 3.00e-05  69:06:04 |   2.1752   2.1752   0.1522   4.1594   0.3817 |   6.1438   6.1438   0.1479   4.1592   0.3560
026/140 3.00e-05  68:29:45 |   2.1019   2.1019   0.1573   4.1591   0.3772 |   6.0686   6.0686   0.1522   4.1591   0.3543
027/140 3.00e-05  67:52:59 |   2.1221   2.1221   0.1575   4.1590   0.3754 |   6.0119   6.0119   0.1560   4.1590   0.3538
028/140 3.00e-05  67:17:16 |   2.0936   2.0936   0.1612   4.1589   0.3701 |   5.9460   5.9460   0.1615   4.1589   0.3458
029/140 3.00e-05  66:41:14 |   2.1169   2.1169   0.1564   4.1589   0.3650 |   5.8856   5.8856   0.1663   4.1589   0.3474
030/140 3.00e-05  66:05:32 |   2.0079   2.0079   0.1739   4.1589   0.3655 |   5.8323   5.8323   0.1624   4.1589   0.3416
031/140 3.00e-05  65:28:58 |   2.0085   2.0085   0.1687   4.1589   0.3517 |   5.7585   5.7585   0.1871   4.1589   0.3412
032/140 3.00e-05  64:52:56 |   2.0089   2.0089   0.1721   4.1589   0.3572 |   5.7076   5.7076   0.2005   4.1589   0.3295
033/140 3.00e-05  64:16:25 |   2.0764   2.0764   0.1647   4.1589   0.3476 |   5.6638   5.6638   0.1977   4.1589   0.3381
034/140 3.00e-05  63:40:22 |   1.9688   1.9688   0.1753   4.1589   0.3479 |   5.5826   5.5826   0.2190   4.1589   0.3258
035/140 3.00e-05  63:03:50 |   1.9272   1.9272   0.1864   4.1589   0.3460 |   5.4844   5.4844   0.2312   4.1589   0.3284
036/140 3.00e-05  62:27:50 |   1.9454   1.9454   0.1837   4.1589   0.3414 |   5.4096   5.4096   0.2397   4.1589   0.3237
037/140 3.00e-05  61:51:29 |   1.9313   1.9313   0.1864   4.1589   0.3349 |   5.3669   5.3669   0.2432   4.1589   0.3227
038/140 3.00e-05  61:15:41 |   1.8158   1.8158   0.2144   4.1589   0.3326 |   5.2750   5.2750   0.2725   4.1589   0.3140
039/140 3.00e-05  60:39:11 |   1.7759   1.7759   0.2290   4.1589   0.3300 |   5.1778   5.1778   0.2917   4.1589   0.3144
040/140 3.00e-05  60:05:53 |   1.7952   1.7952   0.2229   4.1589   0.3287 |   5.1080   5.1080   0.3043   4.1589   0.3112
041/140 3.00e-05  59:12:59 |   1.7217   1.7217   0.2377   4.1589   0.3243 |   5.0277   5.0277   0.3289   4.1589   0.3055
042/140 3.00e-05  58:04:56 |   1.7439   1.7439   0.2249   4.1589   0.3182 |   4.9582   4.9582   0.3388   4.1589   0.3039
043/140 3.00e-05  56:31:01 |   1.6977   1.6977   0.2443   4.1589   0.3147 |   4.8627   4.8627   0.3706   4.1589   0.3033
044/140 3.00e-05  55:35:48 |   1.7804   1.7804   0.2225   4.1589   0.3103 |   4.8117   4.8117   0.3897   4.1589   0.3018
045/140 3.00e-05  54:45:46 |   1.6556   1.6556   0.2653   4.1589   0.3103 |   4.6882   4.6882   0.4269   4.1589   0.2987
046/140 3.00e-05  53:19:59 |   1.5616   1.5616   0.2993   4.1589   0.3056 |   4.6172   4.6172   0.4357   4.1589   0.2953
047/140 3.00e-05  52:24:57 |   1.6270   1.6270   0.2577   4.1589   0.3020 |   4.5417   4.5417   0.4626   4.1589   0.2952
048/140 3.00e-05  51:04:27 |   1.5151   1.5151   0.3143   4.1589   0.3006 |   4.4286   4.4286   0.5158   4.1589   0.2882
049/140 3.00e-05  50:12:23 |   1.4981   1.4981   0.3142   4.1589   0.2970 |   4.3336   4.3336   0.5479   4.1589   0.2868
050/140 3.00e-05  49:06:45 |   1.5599   1.5599   0.2845   4.1589   0.2933 |   4.2613   4.2613   0.5847   4.1589   0.2827
051/140 3.00e-05  47:55:52 |   1.4509   1.4509   0.3400   4.1589   0.2884 |   4.1366   4.1366   0.6317   4.1589   0.2834
052/140 3.00e-05  46:44:56 |   1.4287   1.4287   0.3542   4.1589   0.2863 |   4.0510   4.0510   0.6696   4.1589   0.2783
053/140 3.00e-05  45:54:10 |   1.3911   1.3911   0.3808   4.1589   0.2818 |   3.9450   3.9450   0.7191   4.1589   0.2777
054/140 3.00e-05  45:28:30 |   1.3832   1.3832   0.3916   4.1589   0.2801 |   3.8672   3.8672   0.7650   4.1589   0.2738
055/140 3.00e-05  44:30:48 |   1.3493   1.3493   0.3772   4.1589   0.2762 |   3.8112   3.8112   0.7691   4.1589   0.2733
056/140 3.00e-05  43:26:36 |   1.4593   1.4593   0.3452   4.1589   0.2740 |   3.7146   3.7146   0.8346   4.1589   0.2712
057/140 3.00e-05  42:24:05 |   1.2410   1.2410   0.4768   4.1589   0.2738 |   3.5978   3.5978   0.8987   4.1589   0.2708
058/140 3.00e-05  41:23:35 |   1.2452   1.2452   0.4417   4.1589   0.2748 |   3.4905   3.4905   0.9595   4.1589   0.2715
059/140 3.00e-05  40:24:38 |   1.2676   1.2676   0.4197   4.1589   0.2689 |   3.4149   3.4149   1.0065   4.1589   0.2670
060/140 3.00e-05  39:27:32 |   1.1515   1.1515   0.5556   4.1589   0.2698 |   3.2984   3.2984   1.0911   4.1589   0.2661
061/140 3.00e-05  38:31:53 |   1.2418   1.2418   0.4755   4.1589   0.2671 |   3.2470   3.2470   1.1146   4.1589   0.2641
062/140 3.00e-05  37:37:49 |   1.1645   1.1645   0.5289   4.1589   0.2649 |   3.1446   3.1446   1.1948   4.1589   0.2620
063/140 3.00e-05  36:44:56 |   1.0649   1.0649   0.6716   4.1589   0.2629 |   3.0182   3.0182   1.2811   4.1589   0.2607
064/140 3.00e-05  35:53:36 |   1.0560   1.0560   0.5902   4.1589   0.2583 |   2.9280   2.9280   1.3453   4.1589   0.2587
065/140 3.00e-05  35:03:23 |   1.0789   1.0789   0.5574   4.1589   0.2586 |   2.8416   2.8416   1.4168   4.1589   0.2586
066/140 3.00e-05  34:14:33 |   1.0310   1.0310   0.6328   4.1589   0.2582 |   2.7402   2.7402   1.5160   4.1589   0.2577
067/140 3.00e-05  33:26:44 |   0.8979   0.8979   0.7717   4.1589   0.2532 |   2.6442   2.6442   1.6041   4.1589   0.2563
068/140 3.00e-05  32:40:09 |   0.9609   0.9609   0.6486   4.1589   0.2541 |   2.5800   2.5800   1.6329   4.1589   0.2570
069/140 3.00e-05  31:54:35 |   0.9118   0.9118   0.7405   4.1589   0.2532 |   2.4563   2.4563   1.7820   4.1589   0.2551
070/140 3.00e-05  31:10:10 |   0.8844   0.8844   0.8958   4.1589   0.2507 |   2.4257   2.4257   1.7603   4.1589   0.2521
071/140 3.00e-05  30:26:35 |   0.9189   0.9189   0.6978   4.1589   0.2441 |   2.3551   2.3551   1.9155   4.1589   0.2486
072/140 3.00e-05  29:44:09 |   0.8084   0.8084   0.8908   4.1589   0.2444 |   2.2158   2.2158   2.0026   4.1589   0.2512
073/140 3.00e-05  29:02:32 |   0.8430   0.8430   0.7358   4.1589   0.2423 |   2.1429   2.1429   2.0974   4.1589   0.2508
074/140 3.00e-05  28:21:48 |   0.7219   0.7219   0.9851   4.1589   0.2423 |   2.0312   2.0312   2.2501   4.1589   0.2497
075/140 3.00e-05  27:41:44 |   0.8245   0.8245   0.9894   4.1589   0.2423 |   1.9797   1.9797   2.2910   4.1589   0.2489
076/140 3.00e-05  27:02:38 |   0.8432   0.8432   0.7919   4.1589   0.2397 |   1.8935   1.8935   2.4247   4.1589   0.2473
077/140 3.00e-05  26:24:13 |   0.6031   0.6031   1.1567   4.1589   0.2393 |   1.8095   1.8095   2.5304   4.1589   0.2470
078/140 3.00e-05  25:46:40 |   0.6641   0.6641   1.1550   4.1589   0.2381 |   1.7435   1.7435   2.6054   4.1589   0.2462
079/140 3.00e-05  25:09:43 |   0.6720   0.6720   1.0309   4.1589   0.2370 |   1.6804   1.6804   2.6896   4.1589   0.2463
080/140 3.00e-05  24:33:33 |   0.5871   0.5871   1.0907   4.1589   0.2328 |   1.5936   1.5936   2.8753   4.1589   0.2475
081/140 3.00e-05  23:57:54 |   0.6278   0.6278   1.1379   4.1589   0.2355 |   1.5528   1.5528   2.8616   4.1589   0.2450
082/140 3.00e-05  23:23:02 |   0.5656   0.5656   1.3648   4.1589   0.2340 |   1.4733   1.4733   3.0226   4.1589   0.2466
083/140 3.00e-05  22:48:40 |   0.5767   0.5767   1.4706   4.1589   0.2345 |   1.4198   1.4198   3.0694   4.1589   0.2447
084/140 3.00e-05  22:14:58 |   0.5060   0.5060   1.4856   4.1589   0.2315 |   1.3629   1.3629   3.1344   4.1589   0.2444
085/140 3.00e-05  21:41:46 |   0.6030   0.6030   1.5026   4.1589   0.2341 |   1.3466   1.3466   3.0481   4.1589   0.2421
086/140 3.00e-05  21:09:11 |   0.5091   0.5091   1.2324   4.1589   0.2264 |   1.2541   1.2541   3.2647   4.1589   0.2418
087/140 3.00e-05  20:37:05 |   0.5328   0.5328   1.2529   4.1589   0.2261 |   1.1878   1.1878   3.4255   4.1589   0.2410
088/140 3.00e-05  20:05:33 |   0.5978   0.5978   1.1396   4.1589   0.2239 |   1.1323   1.1323   3.5448   4.1589   0.2404
089/140 3.00e-05  19:34:28 |   0.4834   0.4834   1.6474   4.1589   0.2266 |   1.1284   1.1284   3.4133   4.1589   0.2380
090/140 3.00e-05  19:03:55 |   0.4094   0.4094   1.6742   4.1589   0.2274 |   1.0736   1.0736   3.4724   4.1589   0.2366
091/140 3.00e-05  18:33:47 |   0.3794   0.3794   1.6392   4.1589   0.2233 |   1.0083   1.0083   3.6289   4.1589   0.2387
092/140 3.00e-05  18:04:09 |   0.5686   0.5686   1.2797   4.1589   0.2236 |   0.9739   0.9739   3.7179   4.1589   0.2385
093/140 3.00e-05  17:34:51 |   0.3321   0.3321   1.7247   4.1589   0.2246 |   0.9292   0.9292   3.7315   4.1589   0.2367
094/140 3.00e-05  17:06:02 |   0.3306   0.3306   1.6403   4.1589   0.2238 |   0.8456   0.8456   4.0706   4.1589   0.2393
095/140 3.00e-05  16:37:34 |   0.3399   0.3399   1.7109   4.1589   0.2222 |   0.8254   0.8254   4.0726   4.1589   0.2386
096/140 3.00e-05  16:09:36 |   0.3639   0.3639   1.6460   4.1589   0.2216 |   0.7604   0.7604   4.2545   4.1589   0.2387
097/140 3.00e-05  15:41:57 |   0.3338   0.3338   1.9179   4.1589   0.2242 |   0.7387   0.7387   4.1784   4.1589   0.2369
098/140 3.00e-05  15:14:43 |   0.3594   0.3594   1.4472   4.1589   0.2183 |   0.6822   0.6822   4.3773   4.1589   0.2378
099/140 3.00e-05  14:47:45 |   0.4129   0.4129   1.3884   4.1589   0.2144 |   0.6410   0.6410   4.5385   4.1589   0.2378
100/140 3.00e-05  14:21:12 |   0.3146   0.3146   1.7970   4.1589   0.2202 |   0.6046   0.6046   4.6181   4.1589   0.2361
101/140 3.00e-05  13:54:58 |   0.3817   0.3817   1.3569   4.1589   0.2119 |   0.5620   0.5620   4.7554   4.1589   0.2364
102/140 3.00e-05  13:29:07 |   0.2593   0.2593   1.9562   4.1589   0.2183 |   0.5384   0.5384   4.7905   4.1589   0.2356
103/140 3.00e-05  13:03:31 |   0.2482   0.2482   1.6757   4.1589   0.2128 |   0.4996   0.4996   4.9797   4.1589   0.2362
104/140 3.00e-05  12:38:17 |   0.4149   0.4149   1.4588   4.1589   0.2146 |   0.4661   0.4661   5.2319   4.1589   0.2378
105/140 3.00e-05  12:13:20 |   0.3217   0.3217   1.4460   4.1589   0.2116 |   0.4387   0.4387   5.6216   4.1589   0.2390
106/140 3.00e-05  11:48:42 |   0.2845   0.2845   2.7185   4.1589   0.2192 |   0.4704   0.4704   4.8750   4.1589   0.2310
107/140 3.00e-05  11:24:20 |   0.3183   0.3183   1.4961   4.1589   0.2103 |   0.3995   0.3995   5.5002   4.1589   0.2369
108/140 3.00e-05  11:00:16 |   0.3540   0.3540   1.8668   4.1589   0.2146 |   0.3708   0.3708   5.4805   4.1589   0.2344
109/140 3.00e-05  10:36:25 |   0.3000   0.3000   1.8825   4.1589   0.2119 |   0.3506   0.3506   5.4420   4.1589   0.2326
110/140 3.00e-05  10:12:53 |   0.3210   0.3210   1.5096   4.1589   0.2078 |   0.3245   0.3245   5.8596   4.1589   0.2353
111/140 3.00e-05   9:49:35 |   0.2084   0.2084   2.8850   4.1589   0.2152 |   0.3371   0.3371   5.2321   4.1589   0.2291
112/140 3.00e-05   9:26:33 |   0.2185   0.2185   2.1194   4.1589   0.2110 |   0.3088   0.3088   5.5796   4.1589   0.2318
113/140 3.00e-05   9:03:44 |   0.2163   0.2163   1.9899   4.1589   0.2097 |   0.2887   0.2887   5.6138   4.1589   0.2316
114/140 3.00e-05   8:41:10 |   0.2376   0.2376   2.1271   4.1589   0.2085 |   0.2743   0.2743   5.5040   4.1589   0.2296
115/140 3.00e-05   8:18:47 |   0.2416   0.2416   2.3603   4.1589   0.2094 |   0.2742   0.2742   5.4509   4.1589   0.2286
116/140 3.00e-05   7:56:40 |   0.1856   0.1856   2.2149   4.1589   0.2096 |   0.2893   0.2893   5.2194   4.1589   0.2249
117/140 3.00e-05   7:34:44 |   0.1478   0.1478   2.2125   4.1589   0.2061 |   0.2459   0.2459   5.6153   4.1589   0.2292
118/140 3.00e-05   7:13:03 |   0.2803   0.2803   2.1356   4.1589   0.2085 |   0.2437   0.2437   5.5504   4.1589   0.2285
119/140 3.00e-05   6:51:33 |   0.3056   0.3056   1.7860   4.1589   0.2078 |   0.2285   0.2285   5.5910   4.1589   0.2268
120/140 3.00e-05   6:30:17 |   0.1862   0.1862   2.9160   4.1589   0.2111 |   0.2612   0.2612   5.2665   4.1589   0.2240
121/140 3.00e-05   6:09:11 |   0.1666   0.1666   2.5095   4.1589   0.2089 |   0.3065   0.3065   4.9703   4.1589   0.2214
122/140 3.00e-05   5:48:18 |   0.1916   0.1916   1.8593   4.1589   0.2033 |   0.2301   0.2301   5.4406   4.1589   0.2259
123/140 3.00e-05   5:27:34 |   0.1384   0.1384   2.5135   4.1589   0.2101 |   0.2320   0.2320   5.3806   4.1589   0.2255
124/140 3.00e-05   5:07:02 |   0.2319   0.2319   2.3144   4.1589   0.2068 |   0.2692   0.2692   5.1370   4.1589   0.2230
125/140 3.00e-05   4:46:40 |   0.2070   0.2070   2.0767   4.1589   0.2085 |   0.2497   0.2497   5.2371   4.1589   0.2227
126/140 3.00e-05   4:26:29 |   0.1673   0.1673   2.0621   4.1589   0.2063 |   0.2476   0.2476   5.2824   4.1589   0.2224
127/140 1.50e-05   4:06:27 |   0.1496   0.1496   2.3348   4.1589   0.2080 |   0.2270   0.2270   5.3787   4.1589   0.2234
128/140 1.50e-05   3:46:36 |   0.1181   0.1181   2.3825   4.1589   0.2032 |   0.2252   0.2252   5.3813   4.1589   0.2231
129/140 1.50e-05   3:26:54 |   0.2207   0.2207   2.0384   4.1589   0.2029 |   0.1815   0.1815   5.6740   4.1589   0.2256
130/140 1.50e-05   3:07:23 |   0.1330   0.1330   2.3620   4.1589   0.2041 |   0.1901   0.1901   5.5958   4.1589   0.2249
131/140 1.50e-05   2:48:00 |   0.1340   0.1340   2.7330   4.1589   0.2077 |   0.1978   0.1978   5.4980   4.1589   0.2243
132/140 1.50e-05   2:28:46 |   0.1314   0.1314   2.2249   4.1589   0.2053 |   0.1810   0.1810   5.6293   4.1589   0.2252
133/140 1.50e-05   2:09:41 |   0.1368   0.1368   2.5841   4.1589   0.2067 |   0.1885   0.1885   5.5537   4.1589   0.2246
134/140 1.50e-05   1:50:46 |   0.2312   0.2312   2.1603   4.1589   0.2011 |   0.1759   0.1759   5.6582   4.1589   0.2255
135/140 1.50e-05   1:31:58 |   0.2324   0.2324   1.7673   4.1589   0.2034 |   0.1577   0.1577   5.8444   4.1589   0.2257
136/140 1.50e-05   1:13:18 |   0.1837   0.1837   1.9291   4.1589   0.2045 |   0.1440   0.1440   6.0486   4.1589   0.2275
137/140 1.50e-05     54:47 |   0.1693   0.1693   2.0994   4.1589   0.2039 |   0.1381   0.1381   6.1632   4.1589   0.2277
138/140 1.50e-05     36:24 |   0.1729   0.1729   2.1658   4.1589   0.2008 |   0.1416   0.1416   6.1435   4.1589   0.2278
139/140 1.50e-05     18:08 |   0.1753   0.1753   2.3655   4.1589   0.2051 |   0.1447   0.1447   5.9324   4.1589   0.2248
140/140 1.50e-05     00:00 |   0.1959   0.1959   2.5167   4.1589   0.2035 |   0.2130   0.2130   5.4320   4.1589   0.2190
Updated latest commutative CNN pretraining config at /run/media/fabrizio/06bb7271-2161-43a4-91f1-98f9b67e9ab2/home/fabrizio/code/ZebraFish/artifacts/campaigns/cnn_pretrain_finetune/cnn_pretrain_finetune_20260629_100031_3ff738/outputs/10C/config.yaml
10C run complete: artifacts/campaigns/cnn_pretrain_finetune/cnn_pretrain_finetune_20260629_100031_3ff738/outputs/10C/runs/10C_pretrain_commutative_cnn_20260629_100055
