Experiment id: 10C_pretrain_commutative_cnn_20260701_130752
Experiment run folder: /run/media/fabrizio/06bb7271-2161-43a4-91f1-98f9b67e9ab2/home/fabrizio/code/ZebraFish/artifacts/campaigns/cnn_pretrain_finetune/cnn_pretrain_finetune_20260701_130749_69a864/outputs/10C/runs/10C_pretrain_commutative_cnn_20260701_130752
Per-run commutative CNN pretraining config: /run/media/fabrizio/06bb7271-2161-43a4-91f1-98f9b67e9ab2/home/fabrizio/code/ZebraFish/artifacts/campaigns/cnn_pretrain_finetune/cnn_pretrain_finetune_20260701_130749_69a864/outputs/10C/runs/10C_pretrain_commutative_cnn_20260701_130752/10C_pretrain_commutative_cnn_20260701_130752_config.yaml
{'all_tensors': (2144, 20, 5, 96, 96), 'train_base_tensors': (1822, 20, 5, 96, 96), 'train_tensors': (1822, 20, 5, 96, 96), 'val_tensors': (322, 20, 5, 96, 96)}
Commutative CNN model: parameters=182,603 trainable=182,603 size=0.70 MB
cols:
    ep=epoch
    lr=learning_rate
    eta=estimated_time_remaining
    trL=train_loss
    trS=train_self_probe_loss
    trX=train_cross_probe_loss
    trP=train_prototype_alignment_loss
    trLA=train_latent_alignment_loss
     ep       lr       eta |      trL      trS      trX      trP     trLA |      vaL      vaS      vaX      vaP     vaLA
001/140 3.00e-05  22:52:09 |   2.5545   2.5545   0.1041   4.4644   0.4126 |   6.9686   6.9686   0.0751   4.3660   0.4046
002/140 3.00e-05  22:39:26 |   2.5133   2.5133   0.1004   4.5044   0.5455 |   6.9263   6.9263   0.0771   4.4273   0.5288
003/140 3.00e-05  22:21:32 |   2.4793   2.4793   0.1040   4.5147   0.6522 |   6.8896   6.8896   0.0788   4.4507   0.5931
004/140 3.00e-05  22:14:34 |   2.4568   2.4568   0.1039   4.4935   0.6906 |   6.8601   6.8601   0.0799   4.4323   0.5986
005/140 3.00e-05  22:03:21 |   2.4383   2.4383   0.1048   4.4601   0.6954 |   6.8358   6.8358   0.0828   4.4014   0.5931
006/140 3.00e-05  21:52:23 |   2.4261   2.4261   0.1055   4.4153   0.6844 |   6.8124   6.8124   0.0806   4.3569   0.5514
007/140 3.00e-05  21:40:47 |   2.4097   2.4097   0.1065   4.3719   0.6574 |   6.7882   6.7882   0.0903   4.3270   0.5566
008/140 3.00e-05  21:31:39 |   2.3956   2.3956   0.1112   4.3372   0.6477 |   6.7613   6.7613   0.0951   4.2977   0.5743
009/140 3.00e-05  21:20:58 |   2.3843   2.3843   0.1127   4.3019   0.6428 |   6.7397   6.7397   0.0901   4.2602   0.5213
010/140 3.00e-05  21:14:17 |   2.3733   2.3733   0.1165   4.2757   0.6179 |   6.7090   6.7090   0.1016   4.2506   0.5454
011/140 3.00e-05  21:04:15 |   2.3595   2.3595   0.1183   4.2481   0.5984 |   6.6908   6.6908   0.0998   4.2228   0.5042
012/140 3.00e-05  20:55:15 |   2.3564   2.3564   0.1221   4.2311   0.5913 |   6.6630   6.6630   0.1021   4.2137   0.5120
013/140 3.00e-05  20:45:32 |   2.3481   2.3481   0.1237   4.2134   0.5714 |   6.6391   6.6391   0.1096   4.1985   0.5003
014/140 3.00e-05  20:37:08 |   2.3379   2.3379   0.1265   4.1999   0.5678 |   6.6119   6.6119   0.1170   4.1891   0.5128
015/140 3.00e-05  20:26:47 |   2.3299   2.3299   0.1306   4.1881   0.5579 |   6.5892   6.5892   0.1120   4.1797   0.4753
016/140 3.00e-05  20:17:25 |   2.3012   2.3012   0.1330   4.1795   0.5427 |   6.5570   6.5570   0.1108   4.1741   0.4747
017/140 3.00e-05  20:07:13 |   2.3017   2.3017   0.1325   4.1730   0.5186 |   6.5233   6.5233   0.1224   4.1689   0.4610
018/140 3.00e-05  19:57:45 |   2.2866   2.2866   0.1364   4.1687   0.5080 |   6.4885   6.4885   0.1137   4.1655   0.4423
019/140 3.00e-05  19:47:47 |   2.2701   2.2701   0.1388   4.1655   0.5008 |   6.4558   6.4558   0.1181   4.1637   0.4424
020/140 3.00e-05  19:38:01 |   2.2775   2.2775   0.1378   4.1633   0.4884 |   6.4275   6.4275   0.1256   4.1619   0.4332
021/140 3.00e-05  19:28:06 |   2.2351   2.2351   0.1410   4.1617   0.4732 |   6.3917   6.3917   0.1288   4.1610   0.4272
022/140 3.00e-05  19:41:07 |   2.2194   2.2194   0.1460   4.1607   0.4684 |   6.3547   6.3547   0.1291   4.1602   0.4205
023/140 3.00e-05  20:55:21 |   2.2375   2.2375   0.1445   4.1600   0.4631 |   6.3229   6.3229   0.1320   4.1596   0.4188
024/140 3.00e-05  21:31:25 |   2.1868   2.1868   0.1480   4.1595   0.4522 |   6.2715   6.2715   0.1264   4.1593   0.4012
025/140 3.00e-05  21:12:35 |   2.2157   2.2157   0.1456   4.1592   0.4386 |   6.2285   6.2285   0.1416   4.1591   0.3984
026/140 3.00e-05  20:54:39 |   2.1607   2.1607   0.1511   4.1591   0.4292 |   6.1897   6.1897   0.1480   4.1590   0.3880
027/140 3.00e-05  20:40:16 |   2.1012   2.1012   0.1586   4.1590   0.4235 |   6.1549   6.1549   0.1480   4.1589   0.3886
028/140 3.00e-05  21:12:03 |   2.1393   2.1393   0.1522   4.1589   0.4173 |   6.0848   6.0848   0.1541   4.1589   0.3817
029/140 3.00e-05  21:39:12 |   2.1890   2.1890   0.1521   4.1589   0.4085 |   6.0471   6.0471   0.1543   4.1589   0.3643
030/140 3.00e-05  21:59:07 |   2.1064   2.1064   0.1572   4.1589   0.3944 |   5.9982   5.9982   0.1661   4.1589   0.3681
031/140 3.00e-05  21:38:06 |   2.1105   2.1105   0.1591   4.1589   0.3906 |   5.9535   5.9535   0.1660   4.1589   0.3618
032/140 3.00e-05  21:18:20 |   2.0662   2.0662   0.1624   4.1589   0.3858 |   5.9295   5.9295   0.1765   4.1589   0.3579
033/140 3.00e-05  20:58:52 |   2.0596   2.0596   0.1646   4.1589   0.3782 |   5.8553   5.8553   0.1699   4.1589   0.3453
034/140 3.00e-05  20:40:23 |   2.1014   2.1014   0.1586   4.1589   0.3714 |   5.8216   5.8216   0.1726   4.1589   0.3483
035/140 3.00e-05  20:21:56 |   1.9669   1.9669   0.1763   4.1589   0.3746 |   5.7509   5.7509   0.1990   4.1589   0.3547
036/140 3.00e-05  20:04:26 |   2.0240   2.0240   0.1697   4.1589   0.3654 |   5.6863   5.6863   0.1993   4.1589   0.3405
037/140 3.00e-05  19:46:57 |   1.9427   1.9427   0.1798   4.1589   0.3573 |   5.6416   5.6416   0.2181   4.1589   0.3436
038/140 3.00e-05  19:30:12 |   1.9879   1.9879   0.1772   4.1589   0.3574 |   5.5797   5.5797   0.2044   4.1589   0.3346
039/140 3.00e-05  19:13:41 |   1.9581   1.9581   0.1793   4.1589   0.3450 |   5.5024   5.5024   0.2246   4.1589   0.3257
040/140 3.00e-05  18:57:37 |   1.8758   1.8758   0.1944   4.1589   0.3449 |   5.4414   5.4414   0.2368   4.1589   0.3245
041/140 3.00e-05  18:41:42 |   1.8836   1.8836   0.1924   4.1589   0.3421 |   5.4037   5.4037   0.2486   4.1589   0.3241
042/140 3.00e-05  18:26:20 |   1.8642   1.8642   0.2009   4.1589   0.3390 |   5.3147   5.3147   0.2528   4.1589   0.3138
043/140 3.00e-05  18:10:58 |   1.8053   1.8053   0.2095   4.1589   0.3302 |   5.2410   5.2410   0.2801   4.1589   0.3186
044/140 3.00e-05  17:56:06 |   1.7888   1.7888   0.2108   4.1589   0.3317 |   5.1515   5.1515   0.2910   4.1589   0.3144
045/140 3.00e-05  17:41:14 |   1.8401   1.8401   0.2058   4.1589   0.3291 |   5.0868   5.0868   0.3082   4.1589   0.3144
046/140 3.00e-05  17:26:47 |   1.8329   1.8329   0.2077   4.1589   0.3245 |   5.0416   5.0416   0.3246   4.1589   0.3084
047/140 3.00e-05  17:12:22 |   1.7494   1.7494   0.2218   4.1589   0.3152 |   4.9695   4.9695   0.3215   4.1589   0.3040
048/140 3.00e-05  16:58:28 |   1.7812   1.7812   0.2136   4.1589   0.3133 |   4.8845   4.8845   0.3575   4.1589   0.3021
049/140 3.00e-05  16:44:25 |   1.6579   1.6579   0.2644   4.1589   0.3100 |   4.8214   4.8214   0.3638   4.1589   0.3007
050/140 3.00e-05  16:30:46 |   1.6801   1.6801   0.2446   4.1589   0.3082 |   4.7128   4.7128   0.4012   4.1589   0.2969
051/140 3.00e-05  16:16:59 |   1.6347   1.6347   0.2774   4.1589   0.3023 |   4.6553   4.6553   0.4121   4.1589   0.2960
052/140 3.00e-05  16:03:37 |   1.5587   1.5587   0.2834   4.1589   0.3029 |   4.5538   4.5538   0.4484   4.1589   0.2969
053/140 3.00e-05  15:50:15 |   1.5759   1.5759   0.2767   4.1589   0.2988 |   4.4765   4.4765   0.4718   4.1589   0.2913
054/140 3.00e-05  15:37:09 |   1.5222   1.5222   0.2916   4.1589   0.2972 |   4.3808   4.3808   0.5084   4.1589   0.2897
055/140 3.00e-05  15:24:08 |   1.6118   1.6118   0.2590   4.1589   0.2924 |   4.3276   4.3276   0.5204   4.1589   0.2895
056/140 3.00e-05  15:11:20 |   1.4854   1.4854   0.3166   4.1589   0.2894 |   4.2357   4.2357   0.5590   4.1589   0.2872
057/140 3.00e-05  14:58:26 |   1.5699   1.5699   0.2791   4.1589   0.2829 |   4.1906   4.1906   0.5718   4.1589   0.2804
058/140 3.00e-05  14:45:50 |   1.4696   1.4696   0.3227   4.1589   0.2826 |   4.0930   4.0930   0.6184   4.1589   0.2809
059/140 3.00e-05  14:33:10 |   1.4197   1.4197   0.3524   4.1589   0.2823 |   3.9739   3.9739   0.6629   4.1589   0.2810
060/140 3.00e-05  14:20:47 |   1.4865   1.4865   0.2961   4.1589   0.2762 |   3.8951   3.8951   0.7051   4.1589   0.2780
061/140 3.00e-05  14:08:22 |   1.5445   1.5445   0.2848   4.1589   0.2740 |   3.8366   3.8366   0.7337   4.1589   0.2780
062/140 3.00e-05  13:56:13 |   1.3611   1.3611   0.3731   4.1589   0.2760 |   3.7315   3.7315   0.7698   4.1589   0.2782
063/140 3.00e-05  13:44:01 |   1.3353   1.3353   0.3910   4.1589   0.2729 |   3.6310   3.6310   0.8324   4.1589   0.2762
064/140 3.00e-05  13:32:01 |   1.2427   1.2427   0.4109   4.1589   0.2708 |   3.5627   3.5627   0.8610   4.1589   0.2716
065/140 3.00e-05  13:19:57 |   1.3214   1.3214   0.3933   4.1589   0.2630 |   3.4615   3.4615   0.9203   4.1589   0.2679
066/140 3.00e-05  13:08:13 |   1.1569   1.1569   0.5262   4.1589   0.2653 |   3.3694   3.3694   0.9676   4.1589   0.2679
067/140 3.00e-05  12:56:15 |   1.1910   1.1910   0.4612   4.1589   0.2649 |   3.2650   3.2650   1.0380   4.1589   0.2681
068/140 3.00e-05  12:44:31 |   1.0363   1.0363   0.5811   4.1589   0.2579 |   3.2007   3.2007   1.0902   4.1589   0.2666
069/140 3.00e-05  12:32:42 |   1.2083   1.2083   0.4707   4.1589   0.2578 |   3.1043   3.1043   1.1444   4.1589   0.2671
070/140 3.00e-05  12:21:07 |   1.1269   1.1269   0.5031   4.1589   0.2554 |   3.0215   3.0215   1.1954   4.1589   0.2631
071/140 3.00e-05  12:09:27 |   1.0771   1.0771   0.5369   4.1589   0.2526 |   2.9108   2.9108   1.2848   4.1589   0.2625
072/140 3.00e-05  11:58:00 |   0.9326   0.9326   0.6628   4.1589   0.2498 |   2.8255   2.8255   1.3438   4.1589   0.2599
073/140 3.00e-05  11:46:31 |   1.0703   1.0703   0.5389   4.1589   0.2497 |   2.7403   2.7403   1.4056   4.1589   0.2595
074/140 3.00e-05  11:35:10 |   1.1552   1.1552   0.5372   4.1589   0.2487 |   2.6493   2.6493   1.4953   4.1589   0.2610
075/140 3.00e-05  11:23:46 |   0.8851   0.8851   0.7082   4.1589   0.2467 |   2.5605   2.5605   1.5702   4.1589   0.2607
076/140 3.00e-05  11:12:29 |   0.7832   0.7832   0.9378   4.1589   0.2500 |   2.4806   2.4806   1.6292   4.1589   0.2624
077/140 3.00e-05  11:01:21 |   0.9817   0.9817   0.6720   4.1589   0.2487 |   2.4265   2.4265   1.6811   4.1589   0.2603
078/140 3.00e-05  10:50:08 |   1.0702   1.0702   0.5145   4.1589   0.2420 |   2.3221   2.3221   1.7844   4.1589   0.2597
079/140 3.00e-05  10:38:50 |   0.8850   0.8850   0.6987   4.1589   0.2396 |   2.2398   2.2398   1.8627   4.1589   0.2576
080/140 3.00e-05  10:27:41 |   0.7755   0.7755   0.9256   4.1589   0.2472 |   2.1678   2.1678   1.9484   4.1589   0.2586
081/140 3.00e-05  10:16:33 |   0.7699   0.7699   0.8232   4.1589   0.2415 |   2.0525   2.0525   2.0909   4.1589   0.2586
082/140 3.00e-05  10:05:30 |   0.7127   0.7127   1.0542   4.1589   0.2430 |   1.9822   1.9822   2.1477   4.1589   0.2573
083/140 3.00e-05   9:54:27 |   0.9346   0.9346   0.6489   4.1589   0.2359 |   1.9169   1.9169   2.2397   4.1589   0.2570
084/140 3.00e-05   9:43:29 |   0.6082   0.6082   1.1383   4.1589   0.2410 |   1.8510   1.8510   2.3083   4.1589   0.2557
085/140 3.00e-05   9:32:29 |   0.6489   0.6489   1.0549   4.1589   0.2382 |   1.7760   1.7760   2.3907   4.1589   0.2556
086/140 3.00e-05   9:21:33 |   0.5868   0.5868   1.0303   4.1589   0.2321 |   1.7500   1.7500   2.3535   4.1589   0.2462
087/140 3.00e-05   9:10:34 |   0.5551   0.5551   1.2155   4.1589   0.2361 |   1.6281   1.6281   2.5690   4.1589   0.2546
088/140 3.00e-05   8:59:41 |   0.5727   0.5727   1.1348   4.1589   0.2350 |   1.5469   1.5469   2.7046   4.1589   0.2549
089/140 3.00e-05   8:48:47 |   0.6898   0.6898   0.9200   4.1589   0.2297 |   1.4795   1.4795   2.8320   4.1589   0.2551
090/140 3.00e-05   8:38:00 |   0.5611   0.5611   1.3277   4.1589   0.2313 |   1.4063   1.4063   2.9303   4.1589   0.2550
091/140 3.00e-05   8:27:09 |   0.6296   0.6296   1.0117   4.1589   0.2318 |   1.3649   1.3649   2.9995   4.1589   0.2549
092/140 3.00e-05   8:16:24 |   0.6469   0.6469   1.0529   4.1589   0.2250 |   1.2863   1.2863   3.1652   4.1589   0.2557
093/140 3.00e-05   8:05:37 |   0.5477   0.5477   1.0965   4.1589   0.2267 |   1.2225   1.2225   3.2860   4.1589   0.2572
094/140 3.00e-05   7:54:55 |   0.4814   0.4814   1.2546   4.1589   0.2292 |   1.1508   1.1508   3.4443   4.1589   0.2532
095/140 3.00e-05   7:44:11 |   0.4585   0.4585   1.3737   4.1589   0.2243 |   1.0975   1.0975   3.5827   4.1589   0.2543
096/140 3.00e-05   7:33:33 |   0.5278   0.5278   1.5629   4.1589   0.2255 |   1.0586   1.0586   3.5727   4.1589   0.2569
097/140 3.00e-05   7:22:53 |   0.4432   0.4432   1.4075   4.1589   0.2292 |   1.0004   1.0004   3.7110   4.1589   0.2571
098/140 3.00e-05   7:12:17 |   0.3535   0.3535   1.8230   4.1589   0.2283 |   0.9786   0.9786   3.6342   4.1589   0.2550
099/140 3.00e-05   7:01:39 |   0.3643   0.3643   1.4245   4.1589   0.2266 |   0.9178   0.9178   3.7943   4.1589   0.2548
100/140 3.00e-05   6:51:06 |   0.3376   0.3376   1.8850   4.1589   0.2269 |   0.9052   0.9052   3.6960   4.1589   0.2529
101/140 3.00e-05   6:40:32 |   0.3722   0.3722   1.6774   4.1589   0.2285 |   0.8542   0.8542   3.7899   4.1589   0.2518
102/140 3.00e-05   6:30:09 |   0.3800   0.3800   1.4426   4.1589   0.2225 |   0.7994   0.7994   3.9566   4.1589   0.2510
103/140 3.00e-05   6:19:36 |   0.2860   0.2860   1.7951   4.1589   0.2245 |   0.7451   0.7451   4.1132   4.1589   0.2543
104/140 3.00e-05   6:09:06 |   0.4246   0.4246   1.4444   4.1589   0.2160 |   0.7216   0.7216   4.0781   4.1589   0.2464
105/140 3.00e-05   5:58:36 |   0.3062   0.3062   1.6392   4.1589   0.2152 |   0.6575   0.6575   4.4323   4.1589   0.2524
106/140 3.00e-05   5:48:07 |   0.2870   0.2870   1.7331   4.1589   0.2160 |   0.6251   0.6251   4.4645   4.1589   0.2518
107/140 3.00e-05   5:37:39 |   0.3135   0.3135   1.7099   4.1589   0.2184 |   0.5844   0.5844   4.6120   4.1589   0.2542
108/140 3.00e-05   5:27:13 |   0.3438   0.3438   1.7054   4.1589   0.2164 |   0.5675   0.5675   4.5311   4.1589   0.2493
109/140 3.00e-05   5:16:46 |   0.3302   0.3302   1.7480   4.1589   0.2208 |   0.5220   0.5220   4.8054   4.1589   0.2512
110/140 3.00e-05   5:06:24 |   0.2260   0.2260   2.0709   4.1589   0.2209 |   0.5274   0.5274   4.4946   4.1589   0.2450
111/140 3.00e-05   4:56:00 |   0.3130   0.3130   1.5617   4.1589   0.2162 |   0.4560   0.4560   5.0091   4.1589   0.2514
112/140 3.00e-05   4:45:38 |   0.2773   0.2773   2.0622   4.1589   0.2180 |   0.5265   0.5265   4.3410   4.1589   0.2401
113/140 3.00e-05   4:35:17 |   0.2751   0.2751   1.8104   4.1589   0.2136 |   0.4435   0.4435   4.7344   4.1589   0.2442
114/140 3.00e-05   4:24:57 |   0.2162   0.2162   2.0596   4.1589   0.2142 |   0.4223   0.4223   4.8027   4.1589   0.2443
115/140 3.00e-05   4:14:37 |   0.1854   0.1854   2.1582   4.1589   0.2076 |   0.4176   0.4176   4.7151   4.1589   0.2428
116/140 3.00e-05   4:04:19 |   0.2765   0.2765   1.5094   4.1589   0.2040 |   0.3361   0.3361   5.3175   4.1589   0.2504
117/140 3.00e-05   3:54:00 |   0.1654   0.1654   2.3206   4.1589   0.2124 |   0.3282   0.3282   5.2500   4.1589   0.2478
118/140 3.00e-05   3:43:42 |   0.2674   0.2674   1.7180   4.1589   0.2074 |   0.2950   0.2950   5.4876   4.1589   0.2477
119/140 3.00e-05   3:33:25 |   0.1860   0.1860   2.1060   4.1589   0.2064 |   0.2748   0.2748   5.6101   4.1589   0.2489
120/140 3.00e-05   3:23:10 |   0.3593   0.3593   2.3508   4.1589   0.2076 |   0.2801   0.2801   5.4487   4.1589   0.2445
121/140 3.00e-05   3:14:10 |   0.3167   0.3167   2.0829   4.1589   0.2056 |   0.2973   0.2973   5.1879   4.1589   0.2401
122/140 3.00e-05   3:06:53 |   0.3068   0.3068   1.7776   4.1589   0.2074 |   0.2544   0.2544   5.4668   4.1589   0.2416
123/140 3.00e-05   2:58:41 |   0.1729   0.1729   1.9426   4.1589   0.2012 |   0.2272   0.2272   5.6904   4.1589   0.2465
124/140 3.00e-05   2:50:34 |   0.1789   0.1789   2.8916   4.1589   0.2065 |   0.4804   0.4804   4.4716   4.1589   0.2241
125/140 3.00e-05   2:39:49 |   0.2367   0.2367   1.7691   4.1589   0.1954 |   0.2930   0.2930   5.1537   4.1589   0.2325
126/140 3.00e-05   2:29:03 |   0.1887   0.1887   1.9823   4.1589   0.2013 |   0.2224   0.2224   5.5887   4.1589   0.2427
127/140 3.00e-05   2:18:16 |   0.1894   0.1894   2.0084   4.1589   0.2025 |   0.2050   0.2050   5.7211   4.1589   0.2399
128/140 3.00e-05   2:07:42 |   0.2818   0.2818   1.8132   4.1589   0.1985 |   0.1961   0.1961   5.8102   4.1589   0.2387
129/140 3.00e-05   1:57:30 |   0.1790   0.1790   1.9800   4.1589   0.1970 |   0.1602   0.1602   6.1580   4.1589   0.2449
130/140 3.00e-05   1:46:47 |   0.1496   0.1496   2.6452   4.1589   0.2029 |   0.1625   0.1625   5.9952   4.1589   0.2401
131/140 3.00e-05   1:36:01 |   0.1961   0.1961   2.7181   4.1589   0.2079 |   0.1903   0.1903   5.6853   4.1589   0.2349
132/140 3.00e-05   1:25:18 |   0.2265   0.2265   3.0371   4.1589   0.2051 |   0.2041   0.2041   5.5129   4.1589   0.2360
133/140 3.00e-05   1:14:34 |   0.1559   0.1559   2.2515   4.1589   0.2000 |   0.1901   0.1901   5.6155   4.1589   0.2407
134/140 1.50e-05   1:03:52 |   0.2274   0.2274   1.9459   4.1589   0.1975 |   0.1718   0.1718   5.7714   4.1589   0.2348
135/140 1.50e-05     53:10 |   0.1511   0.1511   2.1408   4.1589   0.1950 |   0.1627   0.1627   5.8200   4.1589   0.2376
136/140 1.50e-05     42:30 |   0.1771   0.1771   2.2211   4.1589   0.1958 |   0.1598   0.1598   5.8487   4.1589   0.2364
137/140 1.50e-05     31:52 |   0.1541   0.1541   2.5646   4.1589   0.1987 |   0.1607   0.1607   5.8013   4.1589   0.2354
138/140 1.50e-05     22:04 |   0.1466   0.1466   2.7903   4.1589   0.1992 |   0.1807   0.1807   5.5969   4.1589   0.2348
139/140 1.50e-05     11:10 |   0.1434   0.1434   2.2701   4.1589   0.1953 |   0.1950   0.1950   5.5051   4.1589   0.2326
140/140 1.50e-05     00:00 |   0.1782   0.1782   1.9922   4.1589   0.1939 |   0.1753   0.1753   5.6309   4.1589   0.2326
Updated latest commutative CNN pretraining config at /run/media/fabrizio/06bb7271-2161-43a4-91f1-98f9b67e9ab2/home/fabrizio/code/ZebraFish/artifacts/campaigns/cnn_pretrain_finetune/cnn_pretrain_finetune_20260701_130749_69a864/outputs/10C/config.yaml
10C run complete: artifacts/campaigns/cnn_pretrain_finetune/cnn_pretrain_finetune_20260701_130749_69a864/outputs/10C/runs/10C_pretrain_commutative_cnn_20260701_130752
