Experiment id: 10C_pretrain_commutative_cnn_20260704_141703
Experiment run folder: /run/media/fabrizio/06bb7271-2161-43a4-91f1-98f9b67e9ab2/home/fabrizio/code/ZebraFish/artifacts/campaigns/cnn_pretrain_finetune/cnn_pretrain_finetune_20260704_141700_197670/outputs/10C/runs/10C_pretrain_commutative_cnn_20260704_141703
Per-run commutative CNN pretraining config: /run/media/fabrizio/06bb7271-2161-43a4-91f1-98f9b67e9ab2/home/fabrizio/code/ZebraFish/artifacts/campaigns/cnn_pretrain_finetune/cnn_pretrain_finetune_20260704_141700_197670/outputs/10C/runs/10C_pretrain_commutative_cnn_20260704_141703/10C_pretrain_commutative_cnn_20260704_141703_config.yaml
{'all_tensors': (2144, 20, 5, 96, 96), 'train_base_tensors': (1822, 20, 5, 96, 96), 'train_tensors': (1822, 20, 5, 96, 96), 'val_tensors': (322, 20, 5, 96, 96)}
Commutative CNN model: parameters=182,603 trainable=182,603 size=0.70 MB
cols:
    ep=epoch
    lr=learning_rate
    eta=estimated_time_remaining
    trL=train_loss
    trS=train_self_probe_loss
    trX=train_cross_probe_loss
    trP=train_prototype_alignment_loss
    trLA=train_latent_alignment_loss
     ep       lr       eta |      trL      trS      trX      trP     trLA |      vaL      vaS      vaX      vaP     vaLA
001/140 3.00e-05  23:32:23 |   2.5531   2.5531   0.0905   4.5793   0.3504 |   6.9700   6.9700   0.0642   4.4709   0.2994
002/140 3.00e-05  23:46:31 |   2.5131   2.5131   0.0838   4.5498   0.3940 |   6.9298   6.9298   0.0635   4.4931   0.3487
003/140 3.00e-05  23:34:33 |   2.4835   2.4835   0.0866   4.5330   0.4317 |   6.8959   6.8959   0.0688   4.4595   0.3681
004/140 3.00e-05  23:30:37 |   2.4595   2.4595   0.0923   4.4889   0.4449 |   6.8686   6.8686   0.0726   4.3922   0.3585
005/140 3.00e-05  23:18:01 |   2.4422   2.4422   0.0952   4.4275   0.4336 |   6.8415   6.8415   0.0800   4.3838   0.3562
006/140 3.00e-05  23:09:03 |   2.4229   2.4229   0.1009   4.3852   0.4230 |   6.8120   6.8120   0.0892   4.3291   0.3604
007/140 3.00e-05  22:57:18 |   2.4086   2.4086   0.1060   4.3315   0.4143 |   6.7883   6.7883   0.0965   4.2897   0.3569
008/140 3.00e-05  22:47:42 |   2.3995   2.3995   0.1089   4.2949   0.4090 |   6.7619   6.7619   0.0961   4.2552   0.3454
009/140 3.00e-05  22:35:25 |   2.3924   2.3924   0.1127   4.2655   0.3979 |   6.7383   6.7383   0.0995   4.2371   0.3390
010/140 3.00e-05  22:26:19 |   2.3770   2.3770   0.1156   4.2417   0.3902 |   6.7190   6.7190   0.1106   4.2334   0.3575
011/140 3.00e-05  22:14:29 |   2.3584   2.3584   0.1201   4.2252   0.3912 |   6.6822   6.6822   0.1124   4.2089   0.3320
012/140 3.00e-05  22:06:20 |   2.3378   2.3378   0.1247   4.2085   0.3744 |   6.6516   6.6516   0.1018   4.1968   0.3242
013/140 3.00e-05  21:56:28 |   2.3362   2.3362   0.1269   4.1975   0.3687 |   6.6246   6.6246   0.1131   4.1893   0.3286
014/140 3.00e-05  21:48:00 |   2.3315   2.3315   0.1304   4.1889   0.3636 |   6.5993   6.5993   0.1086   4.1821   0.3151
015/140 3.00e-05  21:38:27 |   2.3114   2.3114   0.1314   4.1821   0.3608 |   6.5663   6.5663   0.1214   4.1773   0.3224
016/140 3.00e-05  21:29:12 |   2.3012   2.3012   0.1341   4.1763   0.3589 |   6.5310   6.5310   0.1301   4.1727   0.3179
017/140 3.00e-05  21:18:49 |   2.2989   2.2989   0.1360   4.1715   0.3476 |   6.5022   6.5022   0.1247   4.1686   0.3062
018/140 3.00e-05  21:09:03 |   2.2851   2.2851   0.1392   4.1681   0.3457 |   6.4757   6.4757   0.1320   4.1659   0.3052
019/140 3.00e-05  20:58:20 |   2.2672   2.2672   0.1397   4.1653   0.3439 |   6.4420   6.4420   0.1286   4.1638   0.3012
020/140 3.00e-05  20:48:32 |   2.2433   2.2433   0.1415   4.1632   0.3336 |   6.3849   6.3849   0.1279   4.1619   0.2873
021/140 3.00e-05  20:38:09 |   2.2543   2.2543   0.1424   4.1617   0.3276 |   6.3570   6.3570   0.1296   4.1608   0.2795
022/140 3.00e-05  20:28:32 |   2.2259   2.2259   0.1436   4.1606   0.3192 |   6.3048   6.3048   0.1509   4.1601   0.2821
023/140 3.00e-05  20:17:53 |   2.2167   2.2167   0.1459   4.1599   0.3114 |   6.2716   6.2716   0.1423   4.1596   0.2814
024/140 3.00e-05  20:25:34 |   2.1801   2.1801   0.1497   4.1595   0.3109 |   6.2241   6.2241   0.1458   4.1593   0.2787
025/140 3.00e-05  20:20:44 |   2.1465   2.1465   0.1527   4.1592   0.3136 |   6.1826   6.1826   0.1564   4.1591   0.2767
026/140 3.00e-05  20:07:42 |   2.1987   2.1987   0.1484   4.1591   0.2971 |   6.1292   6.1292   0.1525   4.1590   0.2672
027/140 3.00e-05  19:52:59 |   2.1232   2.1232   0.1575   4.1590   0.2981 |   6.0772   6.0772   0.1429   4.1589   0.2579
028/140 3.00e-05  19:38:42 |   2.1654   2.1654   0.1500   4.1589   0.2896 |   6.0423   6.0423   0.1635   4.1589   0.2662
029/140 3.00e-05  19:24:00 |   2.1207   2.1207   0.1561   4.1589   0.2855 |   5.9938   5.9938   0.1707   4.1589   0.2576
030/140 3.00e-05  19:10:09 |   2.0960   2.0960   0.1613   4.1589   0.2875 |   5.9463   5.9463   0.1842   4.1589   0.2625
031/140 3.00e-05  18:56:24 |   2.0668   2.0668   0.1609   4.1589   0.2829 |   5.8876   5.8876   0.1920   4.1589   0.2608
032/140 3.00e-05  18:43:10 |   2.1014   2.1014   0.1601   4.1589   0.2775 |   5.8345   5.8345   0.2076   4.1589   0.2579
033/140 3.00e-05  18:29:46 |   2.0328   2.0328   0.1688   4.1589   0.2735 |   5.7537   5.7537   0.2034   4.1589   0.2480
034/140 3.00e-05  18:16:52 |   1.9792   1.9792   0.1765   4.1589   0.2748 |   5.7111   5.7111   0.2075   4.1589   0.2515
035/140 3.00e-05  18:03:57 |   1.9714   1.9714   0.1760   4.1589   0.2712 |   5.6565   5.6565   0.2240   4.1589   0.2439
036/140 3.00e-05  17:51:23 |   1.9563   1.9563   0.1813   4.1589   0.2642 |   5.5719   5.5719   0.2318   4.1589   0.2447
037/140 3.00e-05  17:38:41 |   1.9166   1.9166   0.1859   4.1589   0.2641 |   5.4991   5.4991   0.2431   4.1589   0.2418
038/140 3.00e-05  17:26:29 |   1.8740   1.8740   0.1956   4.1589   0.2617 |   5.4383   5.4383   0.2632   4.1589   0.2401
039/140 3.00e-05  17:13:59 |   1.8891   1.8891   0.1899   4.1589   0.2572 |   5.3655   5.3655   0.2630   4.1589   0.2414
040/140 3.00e-05  17:01:59 |   1.8195   1.8195   0.2091   4.1589   0.2556 |   5.2794   5.2794   0.2874   4.1589   0.2359
041/140 3.00e-05  16:49:43 |   1.8360   1.8360   0.2025   4.1589   0.2560 |   5.1979   5.1979   0.2972   4.1589   0.2340
042/140 3.00e-05  16:37:51 |   1.8254   1.8254   0.2037   4.1589   0.2490 |   5.1425   5.1425   0.3206   4.1589   0.2342
043/140 3.00e-05  16:25:54 |   1.8750   1.8750   0.1951   4.1589   0.2465 |   5.0720   5.0720   0.3202   4.1589   0.2282
044/140 3.00e-05  16:14:15 |   1.7707   1.7707   0.2206   4.1589   0.2450 |   4.9946   4.9946   0.3491   4.1589   0.2306
045/140 3.00e-05  16:02:30 |   1.7558   1.7558   0.2194   4.1589   0.2419 |   4.9304   4.9304   0.3701   4.1589   0.2243
046/140 3.00e-05  15:51:12 |   1.6359   1.6359   0.2616   4.1589   0.2416 |   4.8236   4.8236   0.4082   4.1589   0.2274
047/140 3.00e-05  15:39:49 |   1.6277   1.6277   0.2641   4.1589   0.2367 |   4.7445   4.7445   0.4232   4.1589   0.2200
048/140 3.00e-05  15:28:43 |   1.7470   1.7470   0.2233   4.1589   0.2301 |   4.6970   4.6970   0.4243   4.1589   0.2215
049/140 3.00e-05  15:17:20 |   1.6516   1.6516   0.2774   4.1589   0.2322 |   4.6010   4.6010   0.4730   4.1589   0.2213
050/140 3.00e-05  15:06:20 |   1.6585   1.6585   0.2510   4.1589   0.2302 |   4.4911   4.4911   0.4920   4.1589   0.2204
051/140 3.00e-05  14:55:10 |   1.6362   1.6362   0.2586   4.1589   0.2270 |   4.4367   4.4367   0.5186   4.1589   0.2149
052/140 3.00e-05  14:44:15 |   1.5973   1.5973   0.2672   4.1589   0.2251 |   4.3425   4.3425   0.5520   4.1589   0.2136
053/140 3.00e-05  14:33:13 |   1.5131   1.5131   0.2905   4.1589   0.2201 |   4.2593   4.2593   0.6038   4.1589   0.2132
054/140 3.00e-05  14:22:31 |   1.5662   1.5662   0.2777   4.1589   0.2238 |   4.2047   4.2047   0.5935   4.1589   0.2137
055/140 3.00e-05  14:11:41 |   1.3401   1.3401   0.3974   4.1589   0.2268 |   4.0640   4.0640   0.6608   4.1589   0.2140
056/140 3.00e-05  14:01:04 |   1.3056   1.3056   0.4204   4.1589   0.2229 |   3.9606   3.9606   0.7172   4.1589   0.2121
057/140 3.00e-05  13:50:16 |   1.4119   1.4119   0.3415   4.1589   0.2186 |   3.8585   3.8585   0.7486   4.1589   0.2069
058/140 3.00e-05  13:39:41 |   1.3955   1.3955   0.3465   4.1589   0.2173 |   3.7908   3.7908   0.7800   4.1589   0.2081
059/140 3.00e-05  13:28:57 |   1.2670   1.2670   0.4191   4.1589   0.2154 |   3.6967   3.6967   0.8300   4.1589   0.2078
060/140 3.00e-05  13:18:22 |   1.3082   1.3082   0.4211   4.1589   0.2106 |   3.6100   3.6100   0.8677   4.1589   0.2063
061/140 3.00e-05  13:07:40 |   1.2612   1.2612   0.4279   4.1589   0.2125 |   3.5081   3.5081   0.9379   4.1589   0.2070
062/140 3.00e-05  12:57:20 |   1.3118   1.3118   0.4331   4.1589   0.2107 |   3.4182   3.4182   0.9813   4.1589   0.2039
063/140 3.00e-05  12:46:47 |   1.1050   1.1050   0.5427   4.1589   0.2077 |   3.3365   3.3365   1.0171   4.1589   0.2033
064/140 3.00e-05  12:36:24 |   1.1208   1.1208   0.5219   4.1589   0.2104 |   3.2538   3.2538   1.0682   4.1589   0.2039
065/140 3.00e-05  12:25:53 |   1.0679   1.0679   0.5559   4.1589   0.2080 |   3.1113   3.1113   1.1627   4.1589   0.2021
066/140 3.00e-05  12:15:35 |   1.0744   1.0744   0.5382   4.1589   0.2041 |   3.0240   3.0240   1.2303   4.1589   0.1996
067/140 3.00e-05  12:05:07 |   1.0289   1.0289   0.6599   4.1589   0.2025 |   2.9181   2.9181   1.3032   4.1589   0.2015
068/140 3.00e-05  11:54:52 |   1.0558   1.0558   0.5454   4.1589   0.2015 |   2.8482   2.8482   1.3509   4.1589   0.1990
069/140 3.00e-05  11:44:30 |   0.8723   0.8723   0.7430   4.1589   0.2010 |   2.7421   2.7421   1.4550   4.1589   0.2008
070/140 3.00e-05  11:34:15 |   0.9184   0.9184   0.6636   4.1589   0.2014 |   2.6394   2.6394   1.4923   4.1589   0.2004
071/140 3.00e-05  11:23:54 |   1.0843   1.0843   0.5213   4.1589   0.1981 |   2.5785   2.5785   1.5581   4.1589   0.1972
072/140 3.00e-05  11:13:41 |   0.8331   0.8331   0.8051   4.1589   0.1975 |   2.4507   2.4507   1.6794   4.1589   0.1991
073/140 3.00e-05  11:03:25 |   0.8569   0.8569   0.7941   4.1589   0.1971 |   2.3516   2.3516   1.7851   4.1589   0.1982
074/140 3.00e-05  10:53:16 |   0.6831   0.6831   0.9654   4.1589   0.1977 |   2.2798   2.2798   1.8080   4.1589   0.1986
075/140 3.00e-05  10:42:55 |   0.8356   0.8356   0.7784   4.1589   0.1975 |   2.1939   2.1939   1.9283   4.1589   0.1980
076/140 3.00e-05  10:32:42 |   0.7663   0.7663   0.9069   4.1589   0.1954 |   2.1052   2.1052   2.0243   4.1589   0.1990
077/140 3.00e-05  10:22:25 |   0.6417   0.6417   1.0822   4.1589   0.1966 |   2.0234   2.0234   2.0894   4.1589   0.1975
078/140 3.00e-05  10:12:16 |   0.6706   0.6706   0.9284   4.1589   0.1925 |   1.9563   1.9563   2.1558   4.1589   0.1970
079/140 3.00e-05  10:02:04 |   0.6978   0.6978   0.9540   4.1589   0.1926 |   1.8468   1.8468   2.3013   4.1589   0.1960
080/140 3.00e-05   9:51:58 |   0.6947   0.6947   0.8929   4.1589   0.1884 |   1.7768   1.7768   2.3616   4.1589   0.1955
081/140 3.00e-05   9:41:46 |   0.5439   0.5439   1.2677   4.1589   0.1907 |   1.6970   1.6970   2.4937   4.1589   0.1952
082/140 3.00e-05   9:31:40 |   0.7351   0.7351   0.8335   4.1589   0.1860 |   1.6433   1.6433   2.5257   4.1589   0.1939
083/140 3.00e-05   9:21:30 |   0.5754   0.5754   1.0978   4.1589   0.1879 |   1.5264   1.5264   2.7217   4.1589   0.1954
084/140 3.00e-05   9:11:25 |   0.5980   0.5980   1.0933   4.1589   0.1864 |   1.4464   1.4464   2.8718   4.1589   0.1961
085/140 3.00e-05   9:01:18 |   0.6497   0.6497   1.0257   4.1589   0.1875 |   1.3801   1.3801   2.9680   4.1589   0.1956
086/140 3.00e-05   8:51:18 |   0.4656   0.4656   1.4351   4.1589   0.1878 |   1.3333   1.3333   3.0499   4.1589   0.1946
087/140 3.00e-05   8:41:14 |   0.6366   0.6366   0.9816   4.1589   0.1820 |   1.2583   1.2583   3.1521   4.1589   0.1930
088/140 3.00e-05   8:31:14 |   0.5764   0.5764   1.1497   4.1589   0.1810 |   1.1980   1.1980   3.2583   4.1589   0.1941
089/140 3.00e-05   8:21:13 |   0.5463   0.5463   1.1942   4.1589   0.1802 |   1.1198   1.1198   3.4372   4.1589   0.1921
090/140 3.00e-05   8:11:15 |   0.4235   0.4235   1.3153   4.1589   0.1849 |   1.0525   1.0525   3.5956   4.1589   0.1962
091/140 3.00e-05   8:01:14 |   0.4605   0.4605   1.4169   4.1589   0.1838 |   1.0153   1.0153   3.6730   4.1589   0.1967
092/140 3.00e-05   7:51:15 |   0.4957   0.4957   1.4215   4.1589   0.1804 |   0.9671   0.9671   3.7129   4.1589   0.1923
093/140 3.00e-05   7:41:11 |   0.4786   0.4786   1.4734   4.1589   0.1806 |   0.9119   0.9119   3.8204   4.1589   0.1910
094/140 3.00e-05   7:31:12 |   0.3872   0.3872   1.3907   4.1589   0.1777 |   0.8663   0.8663   3.9431   4.1589   0.1965
095/140 3.00e-05   7:21:12 |   0.4585   0.4585   1.2836   4.1589   0.1780 |   0.7972   0.7972   4.1888   4.1589   0.1942
096/140 3.00e-05   7:11:16 |   0.3923   0.3923   1.3566   4.1589   0.1756 |   0.7598   0.7598   4.2256   4.1589   0.1899
097/140 3.00e-05   7:01:19 |   0.3258   0.3258   1.5920   4.1589   0.1755 |   0.6944   0.6944   4.4860   4.1589   0.1929
098/140 3.00e-05   6:51:23 |   0.2721   0.2721   1.8973   4.1589   0.1787 |   0.6654   0.6654   4.4900   4.1589   0.1915
099/140 3.00e-05   6:41:24 |   0.2578   0.2578   1.8217   4.1589   0.1747 |   0.6350   0.6350   4.5857   4.1589   0.1920
100/140 3.00e-05   6:31:30 |   0.2858   0.2858   1.9188   4.1589   0.1777 |   0.5950   0.5950   4.6276   4.1589   0.1923
101/140 3.00e-05   6:21:34 |   0.4110   0.4110   1.4524   4.1589   0.1716 |   0.5582   0.5582   4.6992   4.1589   0.1917
102/140 3.00e-05   6:11:41 |   0.3467   0.3467   1.3745   4.1589   0.1698 |   0.5155   0.5155   5.0435   4.1589   0.1937
103/140 3.00e-05   6:01:46 |   0.2230   0.2230   1.9401   4.1589   0.1753 |   0.4835   0.4835   5.1345   4.1589   0.1932
104/140 3.00e-05   5:51:53 |   0.2497   0.2497   1.8215   4.1589   0.1675 |   0.4514   0.4514   5.2525   4.1589   0.1911
105/140 3.00e-05   5:41:59 |   0.3443   0.3443   2.0363   4.1589   0.1745 |   0.4365   0.4365   4.9636   4.1589   0.1879
106/140 3.00e-05   5:32:08 |   0.1771   0.1771   2.3086   4.1589   0.1738 |   0.4242   0.4242   5.0408   4.1589   0.1877
107/140 3.00e-05   5:22:16 |   0.3342   0.3342   1.5416   4.1589   0.1691 |   0.3713   0.3713   5.4203   4.1589   0.1927
108/140 3.00e-05   5:12:27 |   0.2740   0.2740   1.9463   4.1589   0.1723 |   0.3626   0.3626   5.3141   4.1589   0.1887
109/140 3.00e-05   5:02:35 |   0.2375   0.2375   1.8732   4.1589   0.1735 |   0.3268   0.3268   5.5665   4.1589   0.1920
110/140 3.00e-05   4:52:47 |   0.2589   0.2589   1.8395   4.1589   0.1716 |   0.3010   0.3010   5.6999   4.1589   0.1918
111/140 3.00e-05   4:42:57 |   0.1937   0.1937   2.3933   4.1589   0.1700 |   0.3002   0.3002   5.7182   4.1589   0.1910
112/140 3.00e-05   4:33:08 |   0.2356   0.2356   1.9088   4.1589   0.1673 |   0.2775   0.2775   5.8003   4.1589   0.1898
113/140 3.00e-05   4:23:19 |   0.2524   0.2524   1.8594   4.1589   0.1662 |   0.2869   0.2869   5.3667   4.1589   0.1838
114/140 3.00e-05   4:13:31 |   0.3603   0.3603   1.8397   4.1589   0.1715 |   0.2626   0.2626   5.4956   4.1589   0.1847
115/140 3.00e-05   4:03:43 |   0.1873   0.1873   1.9396   4.1589   0.1645 |   0.2235   0.2235   5.8922   4.1589   0.1862
116/140 3.00e-05   3:53:56 |   0.2493   0.2493   1.8230   4.1589   0.1670 |   0.2093   0.2093   5.9950   4.1589   0.1874
117/140 3.00e-05   3:44:07 |   0.2394   0.2394   1.9477   4.1589   0.1658 |   0.1966   0.1966   6.0864   4.1589   0.1870
118/140 3.00e-05   3:34:20 |   0.1577   0.1577   2.3851   4.1589   0.1645 |   0.1881   0.1881   6.1956   4.1589   0.1876
119/140 3.00e-05   3:24:32 |   0.1971   0.1971   2.0188   4.1589   0.1664 |   0.1749   0.1749   6.3245   4.1589   0.1856
120/140 3.00e-05   3:14:46 |   0.1574   0.1574   2.2912   4.1589   0.1622 |   0.1688   0.1688   6.3186   4.1589   0.1863
121/140 3.00e-05   3:04:59 |   0.2278   0.2278   2.8971   4.1589   0.1636 |   0.1788   0.1788   6.0017   4.1589   0.1833
122/140 3.00e-05   2:55:13 |   0.1759   0.1759   2.0771   4.1589   0.1607 |   0.1659   0.1659   6.0558   4.1589   0.1841
123/140 3.00e-05   2:45:27 |   0.1502   0.1502   2.7227   4.1589   0.1625 |   0.1712   0.1712   5.9981   4.1589   0.1812
124/140 3.00e-05   2:35:42 |   0.1557   0.1557   2.4150   4.1589   0.1619 |   0.1792   0.1792   5.8377   4.1589   0.1801
125/140 3.00e-05   2:25:56 |   0.1363   0.1363   2.5200   4.1589   0.1606 |   0.1814   0.1814   5.8647   4.1589   0.1796
126/140 1.50e-05   2:16:12 |   0.1478   0.1478   2.1531   4.1589   0.1535 |   0.1575   0.1575   6.1808   4.1589   0.1821
127/140 1.50e-05   2:06:26 |   0.1387   0.1387   2.3235   4.1589   0.1575 |   0.1541   0.1541   6.1856   4.1589   0.1824
128/140 1.50e-05   1:56:42 |   0.1539   0.1539   2.6040   4.1589   0.1593 |   0.1640   0.1640   5.9010   4.1589   0.1799
129/140 1.50e-05   1:46:58 |   0.1823   0.1823   2.0086   4.1589   0.1559 |   0.1676   0.1676   5.8262   4.1589   0.1769
130/140 1.50e-05   1:37:14 |   0.1679   0.1679   2.1757   4.1589   0.1565 |   0.1692   0.1692   5.8352   4.1589   0.1766
131/140 7.50e-06   1:27:30 |   0.1481   0.1481   2.1995   4.1589   0.1576 |   0.1636   0.1636   5.8170   4.1589   0.1758
132/140 7.50e-06   1:17:46 |   0.1667   0.1667   1.7967   4.1589   0.1529 |   0.1392   0.1392   6.1318   4.1589   0.1800
133/140 7.50e-06   1:08:02 |   0.2338   0.2338   2.0743   4.1589   0.1546 |   0.1390   0.1390   6.1284   4.1589   0.1788
134/140 7.50e-06     58:18 |   0.1692   0.1692   2.5531   4.1589   0.1588 |   0.1551   0.1551   5.9087   4.1589   0.1760
135/140 7.50e-06     48:35 |   0.1640   0.1640   2.4622   4.1589   0.1574 |   0.1475   0.1475   5.9809   4.1589   0.1772
136/140 7.50e-06     38:52 |   0.1620   0.1620   2.2678   4.1589   0.1606 |   0.1573   0.1573   5.9099   4.1589   0.1759
137/140 3.75e-06     29:08 |   0.2153   0.2153   1.8815   4.1589   0.1551 |   0.1414   0.1414   6.0312   4.1589   0.1778
138/140 3.75e-06     19:25 |   0.2693   0.2693   2.1768   4.1589   0.1567 |   0.1448   0.1448   6.0338   4.1589   0.1770
139/140 3.75e-06     09:43 |   0.1687   0.1687   2.3000   4.1589   0.1581 |   0.1468   0.1468   5.9998   4.1589   0.1764
140/140 3.75e-06     00:00 |   0.1910   0.1910   1.8285   4.1589   0.1542 |   0.1383   0.1383   6.0978   4.1589   0.1777
Updated latest commutative CNN pretraining config at /run/media/fabrizio/06bb7271-2161-43a4-91f1-98f9b67e9ab2/home/fabrizio/code/ZebraFish/artifacts/campaigns/cnn_pretrain_finetune/cnn_pretrain_finetune_20260704_141700_197670/outputs/10C/config.yaml
10C run complete: artifacts/campaigns/cnn_pretrain_finetune/cnn_pretrain_finetune_20260704_141700_197670/outputs/10C/runs/10C_pretrain_commutative_cnn_20260704_141703
