Experiment id: 13C_finetune_commutative_cnn_20260704_051554
Experiment run folder: /run/media/fabrizio/06bb7271-2161-43a4-91f1-98f9b67e9ab2/home/fabrizio/code/ZebraFish/artifacts/campaigns/cnn_pretrain_finetune/cnn_pretrain_finetune_20260703_031242_495f28/outputs/13C/runs/13C_finetune_commutative_cnn_20260704_051554
Using pretrained encoder checkpoint: /run/media/fabrizio/06bb7271-2161-43a4-91f1-98f9b67e9ab2/home/fabrizio/code/ZebraFish/artifacts/campaigns/cnn_pretrain_finetune/cnn_pretrain_finetune_20260703_031242_495f28/outputs/10C/runs/10C_pretrain_commutative_cnn_20260703_031245/10C_pretrain_commutative_cnn_20260703_031245_encoder_state.pt
Fine-tune loss PDFs: /run/media/fabrizio/06bb7271-2161-43a4-91f1-98f9b67e9ab2/home/fabrizio/code/ZebraFish/artifacts/campaigns/cnn_pretrain_finetune/cnn_pretrain_finetune_20260703_031242_495f28/outputs/13C/runs/13C_finetune_commutative_cnn_20260704_051554/loss_plots/fine_tune
Commutative CNN model: parameters=183,903 trainable=183,903 size=0.70 MB
cols:
    ep=epoch
    lr=learning_rate
    eta=estimated_time_remaining
    trL=train_loss
    trA=train_action_loss
    trWO=train_water_vs_other_loss
    trFA=train_feature_alignment_loss
    trCo=train_compound_loss
    trCn=train_concentration_loss
    vaL=val_loss
    vaA=val_action_loss
    vaWO=val_water_vs_other_loss
    vaFA=val_feature_alignment_loss
    vaCo=val_compound_loss
    vaCn=val_concentration_loss
     ep       lr       eta |      trL      trA     trWO     trFA     trCo     trCn |      vaL      vaA     vaWO     vaFA     vaCo     vaCn
001/120 8.00e-06  11:29:47 |   3.8185   1.4147   0.7063   0.2103   2.5375   1.1104 |   3.7324   1.3431   0.7098   0.2701   2.4903   1.1208
002/120 8.00e-06  11:15:59 |   3.7134   1.4841   0.7413   0.8515   2.4379   1.1027 |   3.6320   1.4002   0.7393   1.5640   2.3978   1.1086
003/120 8.00e-06  11:09:50 |   3.6552   1.4889   0.7401   1.1578   2.3920   1.0974 |   3.6021   1.3854   0.7274   1.6049   2.3788   1.1098
004/120 8.00e-06  11:03:26 |   3.6296   1.4699   0.7267   1.1659   2.3774   1.0956 |   3.5811   1.3684   0.7161   1.5580   2.3672   1.1119
005/120 8.00e-06  11:02:17 |   3.5968   1.4565   0.7176   1.1959   2.3559   1.0903 |   3.5615   1.3587   0.7091   1.6203   2.3547   1.1134
006/120 8.00e-06  10:58:55 |   3.5648   1.4392   0.7073   1.2735   2.3361   1.0879 |   3.5435   1.3422   0.7019   1.6595   2.3454   1.1132
007/120 8.00e-06  10:53:19 |   3.5460   1.4201   0.6980   1.2974   2.3268   1.0821 |   3.5285   1.3315   0.6947   1.7797   2.3367   1.1141
008/120 8.00e-06  10:48:53 |   3.5099   1.4043   0.6892   1.4232   2.3033   1.0828 |   3.5190   1.3231   0.6888   1.8981   2.3317   1.1175
009/120 8.00e-06  10:42:52 |   3.4994   1.3950   0.6797   1.5069   2.2978   1.0783 |   3.5061   1.3045   0.6845   1.8502   2.3268   1.1152
010/120 8.00e-06  10:36:22 |   3.4827   1.3744   0.6725   1.5190   2.2906   1.0766 |   3.5006   1.2991   0.6798   2.0378   2.3239   1.1217
011/120 8.00e-06  10:30:08 |   3.4574   1.3688   0.6635   1.6415   2.2727   1.0764 |   3.4872   1.2839   0.6784   1.9769   2.3177   1.1218
012/120 8.00e-06  10:24:19 |   3.4448   1.3582   0.6581   1.7043   2.2658   1.0762 |   3.4790   1.2744   0.6771   2.0435   2.3140   1.1245
013/120 8.00e-06  10:18:54 |   3.4263   1.3476   0.6522   1.7515   2.2545   1.0731 |   3.4702   1.2648   0.6763   2.1311   2.3097   1.1273
014/120 8.00e-06  10:12:39 |   3.3990   1.3327   0.6465   1.8516   2.2375   1.0727 |   3.4643   1.2560   0.6773   2.1453   2.3075   1.1287
015/120 8.00e-06  10:07:05 |   3.3885   1.3218   0.6448   1.8695   2.2324   1.0715 |   3.4571   1.2495   0.6784   2.2608   2.3037   1.1299
016/120 8.00e-06  10:02:08 |   3.3704   1.3112   0.6421   1.9780   2.2214   1.0715 |   3.4525   1.2440   0.6806   2.3550   2.3015   1.1357
017/120 8.00e-06   9:56:27 |   3.3683   1.3075   0.6378   2.0297   2.2208   1.0727 |   3.4417   1.2371   0.6825   2.3497   2.2951   1.1357
018/120 8.00e-06   9:50:35 |   3.3460   1.2960   0.6355   2.0419   2.2067   1.0712 |   3.4350   1.2313   0.6855   2.5077   2.2914   1.1397
019/120 8.00e-06   9:44:30 |   3.3340   1.2900   0.6317   2.1728   2.1991   1.0737 |   3.4295   1.2244   0.6870   2.2742   2.2891   1.1338
020/120 8.00e-06   9:38:19 |   3.3262   1.2835   0.6297   2.0965   2.1949   1.0704 |   3.4200   1.2220   0.6912   2.6775   2.2823   1.1465
021/120 8.00e-06   9:32:23 |   3.2996   1.2783   0.6292   2.2797   2.1758   1.0701 |   3.4125   1.2158   0.6936   2.6072   2.2782   1.1452
022/120 8.00e-06   9:26:39 |   3.3048   1.2716   0.6288   2.2344   2.1816   1.0721 |   3.4081   1.2126   0.6963   2.5872   2.2756   1.1460
023/120 8.00e-06   9:21:06 |   3.2836   1.2617   0.6291   2.3466   2.1680   1.0700 |   3.4087   1.2075   0.6979   2.4726   2.2775   1.1431
024/120 8.00e-06   9:15:35 |   3.2727   1.2607   0.6259   2.3166   2.1599   1.0691 |   3.4037   1.2041   0.7010   2.5578   2.2746   1.1449
025/120 8.00e-06   9:09:48 |   3.2567   1.2510   0.6248   2.3890   2.1502   1.0690 |   3.3996   1.1997   0.7021   2.5668   2.2726   1.1432
026/120 8.00e-06   9:04:11 |   3.2557   1.2582   0.6242   2.3806   2.1476   1.0659 |   3.3913   1.1996   0.7052   2.7215   2.2661   1.1489
027/120 8.00e-06   8:58:41 |   3.2351   1.2455   0.6249   2.4460   2.1351   1.0697 |   3.3942   1.1946   0.7045   2.6049   2.2698   1.1426
028/120 8.00e-06   8:53:00 |   3.2382   1.2417   0.6261   2.4305   2.1385   1.0693 |   3.3794   1.1969   0.7079   2.8751   2.2577   1.1512
029/120 8.00e-06   8:47:03 |   3.2302   1.2443   0.6242   2.4404   2.1316   1.0687 |   3.3807   1.1922   0.7077   2.7991   2.2600   1.1476
030/120 8.00e-06   8:41:21 |   3.2193   1.2275   0.6230   2.5230   2.1277   1.0712 |   3.3821   1.1885   0.7082   2.7383   2.2621   1.1449
031/120 8.00e-06   8:35:22 |   3.2109   1.2364   0.6245   2.4996   2.1189   1.0701 |   3.3887   1.1855   0.7062   2.6471   2.2681   1.1398
032/120 8.00e-06   8:29:15 |   3.1895   1.2200   0.6239   2.5598   2.1069   1.0671 |   3.3829   1.1844   0.7082   2.7445   2.2638   1.1449
033/120 8.00e-06   8:23:17 |   3.1954   1.2271   0.6228   2.5410   2.1095   1.0683 |   3.3811   1.1821   0.7070   2.7101   2.2631   1.1418
034/120 4.00e-06   8:17:32 |   3.1871   1.2129   0.6219   2.6305   2.1070   1.0655 |   3.3674   1.1832   0.7079   2.8424   2.2522   1.1480
035/120 4.00e-06   8:12:06 |   3.1683   1.2200   0.6230   2.5906   2.0906   1.0682 |   3.3722   1.1804   0.7081   2.8282   2.2566   1.1460
036/120 4.00e-06   8:06:26 |   3.1669   1.2160   0.6231   2.6192   2.0906   1.0679 |   3.3715   1.1793   0.7084   2.8503   2.2564   1.1457
037/120 4.00e-06   8:01:08 |   3.1739   1.2246   0.6236   2.6649   2.0936   1.0691 |   3.3738   1.1765   0.7052   2.7318   2.2591   1.1386
038/120 4.00e-06   7:55:31 |   3.1707   1.2223   0.6237   2.6780   2.0918   1.0670 |   3.3713   1.1768   0.7078   2.8206   2.2570   1.1436
039/120 4.00e-06   7:49:38 |   3.1636   1.2180   0.6219   2.6336   2.0875   1.0681 |   3.3656   1.1772   0.7076   2.8855   2.2525   1.1456
040/120 2.00e-06   7:43:55 |   3.1592   1.2142   0.6229   2.6880   2.0852   1.0692 |   3.3616   1.1767   0.7069   2.8855   2.2495   1.1450
041/120 2.00e-06   7:38:02 |   3.1443   1.2129   0.6212   2.7273   2.0740   1.0677 |   3.3648   1.1755   0.7066   2.8471   2.2523   1.1433
042/120 2.00e-06   7:32:08 |   3.1505   1.2108   0.6224   2.6927   2.0794   1.0665 |   3.3653   1.1749   0.7065   2.8472   2.2529   1.1429
043/120 2.00e-06   7:26:22 |   3.1527   1.2167   0.6234   2.6508   2.0795   1.0666 |   3.3664   1.1740   0.7059   2.8277   2.2540   1.1415
044/120 2.00e-06   7:20:47 |   3.1354   1.2034   0.6208   2.6839   2.0698   1.0648 |   3.3633   1.1744   0.7068   2.8781   2.2515   1.1436
045/120 1.00e-06   7:14:59 |   3.1369   1.2072   0.6225   2.7253   2.0699   1.0686 |   3.3629   1.1742   0.7074   2.9009   2.2512   1.1438
046/120 1.00e-06   7:09:08 |   3.1445   1.2135   0.6206   2.6844   2.0740   1.0694 |   3.3639   1.1736   0.7069   2.8815   2.2522   1.1430
047/120 1.00e-06   7:03:20 |   3.1520   1.2140   0.6223   2.7367   2.0797   1.0672 |   3.3630   1.1735   0.7064   2.8747   2.2515   1.1426
048/120 1.00e-06   6:57:35 |   3.1485   1.2078   0.6218   2.6874   2.0787   1.0659 |   3.3615   1.1739   0.7068   2.9000   2.2502   1.1438
049/120 1.00e-06   6:51:48 |   3.1342   1.2060   0.6208   2.7289   2.0681   1.0672 |   3.3600   1.1738   0.7068   2.9153   2.2491   1.1438
050/120 1.00e-06   6:46:01 |   3.1430   1.2067   0.6225   2.7638   2.0747   1.0679 |   3.3620   1.1730   0.7063   2.8874   2.2509   1.1422
051/120 1.00e-06   6:40:23 |   3.1359   1.2068   0.6195   2.7043   2.0692   1.0672 |   3.3612   1.1729   0.7064   2.8978   2.2503   1.1426
052/120 1.00e-06   6:34:41 |   3.1376   1.2042   0.6238   2.7419   2.0712   1.0672 |   3.3609   1.1730   0.7064   2.9003   2.2500   1.1429
053/120 1.00e-06   6:29:00 |   3.1297   1.2029   0.6201   2.7442   2.0655   1.0673 |   3.3613   1.1727   0.7065   2.9052   2.2504   1.1429
054/120 1.00e-06   6:23:10 |   3.1314   1.2036   0.6213   2.7186   2.0666   1.0687 |   3.3597   1.1729   0.7066   2.9241   2.2491   1.1435
055/120 1.00e-06   6:17:18 |   3.1285   1.2096   0.6224   2.7479   2.0628   1.0665 |   3.3590   1.1727   0.7064   2.9271   2.2486   1.1434
056/120 1.00e-06   6:11:29 |   3.1218   1.2113   0.6217   2.7474   2.0572   1.0650 |   3.3593   1.1722   0.7063   2.9212   2.2490   1.1429
057/120 1.00e-06   6:05:42 |   3.1293   1.2031   0.6212   2.7491   2.0652   1.0669 |   3.3596   1.1719   0.7062   2.9151   2.2493   1.1427
058/120 1.00e-06   5:59:48 |   3.1243   1.2023   0.6199   2.7740   2.0616   1.0667 |   3.3600   1.1715   0.7058   2.9021   2.2497   1.1420
059/120 1.00e-06   5:53:59 |   3.1223   1.2050   0.6190   2.7429   2.0592   1.0665 |   3.3585   1.1717   0.7059   2.9125   2.2486   1.1425
060/120 1.00e-06   5:48:22 |   3.1298   1.2098   0.6230   2.7708   2.0637   1.0695 |   3.3593   1.1708   0.7052   2.8898   2.2494   1.1408
061/120 1.00e-06   5:42:33 |   3.1270   1.2021   0.6201   2.7132   2.0637   1.0669 |   3.3595   1.1707   0.7055   2.8976   2.2496   1.1413
062/120 1.00e-06   5:36:44 |   3.1357   1.2040   0.6216   2.7644   2.0698   1.0649 |   3.3603   1.1703   0.7052   2.8849   2.2503   1.1408
063/120 1.00e-06   5:30:58 |   3.1324   1.2100   0.6231   2.6793   2.0657   1.0671 |   3.3576   1.1711   0.7061   2.9307   2.2480   1.1427
064/120 1.00e-06   5:25:12 |   3.1325   1.2161   0.6214   2.7752   2.0641   1.0666 |   3.3571   1.1709   0.7059   2.9297   2.2476   1.1423
065/120 1.00e-06   5:19:32 |   3.1279   1.2125   0.6203   2.7882   2.0616   1.0644 |   3.3591   1.1700   0.7052   2.8966   2.2495   1.1409
066/120 1.00e-06   5:13:43 |   3.1253   1.2082   0.6202   2.7294   2.0607   1.0656 |   3.3577   1.1704   0.7057   2.9240   2.2482   1.1421
067/120 1.00e-06   5:07:51 |   3.1271   1.2035   0.6201   2.7839   2.0633   1.0686 |   3.3591   1.1695   0.7049   2.8911   2.2496   1.1403
068/120 1.00e-06   5:02:03 |   3.1340   1.2021   0.6202   2.7792   2.0691   1.0645 |   3.3593   1.1694   0.7048   2.8868   2.2498   1.1401
069/120 1.00e-06   4:56:21 |   3.1349   1.2086   0.6219   2.7084   2.0680   1.0680 |   3.3549   1.1706   0.7056   2.9458   2.2461   1.1428
070/120 1.00e-06   4:50:31 |   3.1141   1.1988   0.6216   2.8327   2.0546   1.0662 |   3.3559   1.1699   0.7053   2.9292   2.2470   1.1417
071/120 1.00e-06   4:44:46 |   3.1069   1.2021   0.6204   2.8021   2.0483   1.0658 |   3.3570   1.1692   0.7047   2.9049   2.2481   1.1404
072/120 1.00e-06   4:38:56 |   3.1193   1.2031   0.6221   2.7459   2.0575   1.0679 |   3.3534   1.1701   0.7054   2.9557   2.2450   1.1425
073/120 1.00e-06   4:33:11 |   3.1269   1.2092   0.6216   2.8006   2.0617   1.0676 |   3.3542   1.1693   0.7049   2.9315   2.2459   1.1410
074/120 1.00e-06   4:27:23 |   3.1212   1.2035   0.6201   2.8098   2.0588   1.0687 |   3.3563   1.1686   0.7047   2.9095   2.2477   1.1403
075/120 1.00e-06   4:21:34 |   3.1157   1.2028   0.6201   2.7703   2.0548   1.0672 |   3.3552   1.1686   0.7049   2.9263   2.2468   1.1407
076/120 1.00e-06   4:15:45 |   3.1118   1.1946   0.6225   2.8134   2.0540   1.0669 |   3.3550   1.1685   0.7049   2.9304   2.2467   1.1407
077/120 1.00e-06   4:09:56 |   3.1061   1.2026   0.6211   2.8429   2.0475   1.0643 |   3.3559   1.1681   0.7050   2.9297   2.2475   1.1406
078/120 1.00e-06   4:04:07 |   3.1086   1.2034   0.6206   2.8173   2.0491   1.0659 |   3.3553   1.1679   0.7042   2.9118   2.2472   1.1396
079/120 1.00e-06   3:58:18 |   3.1152   1.2091   0.6210   2.7790   2.0526   1.0678 |   3.3539   1.1682   0.7046   2.9327   2.2459   1.1406
080/120 1.00e-06   3:52:27 |   3.1109   1.2009   0.6199   2.8185   2.0517   1.0642 |   3.3546   1.1679   0.7048   2.9304   2.2466   1.1404
081/120 1.00e-06   3:46:40 |   3.1189   1.2019   0.6213   2.7723   2.0575   1.0651 |   3.3540   1.1678   0.7043   2.9247   2.2461   1.1402
082/120 1.00e-06   3:40:49 |   3.1271   1.2036   0.6208   2.7761   2.0633   1.0681 |   3.3533   1.1678   0.7044   2.9340   2.2456   1.1402
083/120 1.00e-06   3:34:59 |   3.1164   1.1986   0.6229   2.8131   2.0565   1.0653 |   3.3555   1.1671   0.7044   2.9197   2.2475   1.1394
084/120 1.00e-06   3:29:09 |   3.1138   1.2111   0.6204   2.7833   2.0511   1.0680 |   3.3553   1.1668   0.7039   2.9038   2.2475   1.1386
085/120 1.00e-06   3:23:19 |   3.1102   1.1979   0.6196   2.7549   2.0518   1.0682 |   3.3541   1.1671   0.7045   2.9331   2.2464   1.1401
086/120 1.00e-06   3:17:29 |   3.1078   1.2015   0.6209   2.7830   2.0491   1.0667 |   3.3530   1.1671   0.7044   2.9371   2.2456   1.1401
087/120 1.00e-06   3:11:39 |   3.1055   1.1978   0.6198   2.8007   2.0482   1.0676 |   3.3518   1.1674   0.7048   2.9539   2.2446   1.1408
early_stop epoch=087 best_epoch=073 best_metric=2.2461
13C run complete: artifacts/campaigns/cnn_pretrain_finetune/cnn_pretrain_finetune_20260703_031242_495f28/outputs/13C/runs/13C_finetune_commutative_cnn_20260704_051554
