Experiment id: 10C_pretrain_commutative_cnn_20260625_152717
Experiment run folder: /run/media/fabrizio/06bb7271-2161-43a4-91f1-98f9b67e9ab2/home/fabrizio/code/ZebraFish/artifacts/campaigns/cnn_pretrain_finetune/cnn_pretrain_finetune_20260625_152652_a8e2d2/outputs/10C/runs/10C_pretrain_commutative_cnn_20260625_152717
Per-run commutative CNN pretraining config: /run/media/fabrizio/06bb7271-2161-43a4-91f1-98f9b67e9ab2/home/fabrizio/code/ZebraFish/artifacts/campaigns/cnn_pretrain_finetune/cnn_pretrain_finetune_20260625_152652_a8e2d2/outputs/10C/runs/10C_pretrain_commutative_cnn_20260625_152717/10C_pretrain_commutative_cnn_20260625_152717_config.yaml
{'all_tensors': (2144, 20, 5, 96, 96), 'train_base_tensors': (1822, 20, 5, 96, 96), 'train_tensors': (1822, 20, 5, 96, 96), 'val_tensors': (322, 20, 5, 96, 96)}
Commutative CNN model: parameters=182,603 trainable=182,603 size=0.70 MB
cols:
    ep=epoch
    lr=learning_rate
    eta=estimated_time_remaining
    trL=train_loss
    trS=train_self_probe_loss
    trX=train_cross_probe_loss
    trP=train_prototype_alignment_loss
    trLA=train_latent_alignment_loss
     ep       lr       eta |      trL      trS      trX      trP     trLA |      vaL      vaS      vaX      vaP     vaLA
001/140 3.00e-05  21:56:14 |   2.5587   2.5587   0.1157   4.7694   0.4636 |   6.9716   6.9716   0.0785   4.5858   0.4017
002/140 3.00e-05  24:31:34 |   2.5130   2.5130   0.1111   4.6333   0.5161 |   6.9204   6.9204   0.0848   4.4716   0.4780
003/140 3.00e-05  24:33:54 |   2.4813   2.4813   0.1143   4.5795   0.5648 |   6.8866   6.8866   0.0891   4.4613   0.4854
004/140 3.00e-05  25:48:54 |   2.4583   2.4583   0.1138   4.4963   0.5529 |   6.8591   6.8591   0.0916   4.3904   0.4673
005/140 3.00e-05  33:51:58 |   2.4408   2.4408   0.1130   4.4340   0.5327 |   6.8354   6.8354   0.0951   4.3634   0.4578
006/140 3.00e-05  41:49:41 |   2.4151   2.4151   0.1142   4.3826   0.5221 |   6.8063   6.8063   0.0995   4.3133   0.4406
007/140 3.00e-05  44:49:37 |   2.4070   2.4070   0.1169   4.3396   0.5097 |   6.7835   6.7835   0.0951   4.3037   0.4355
008/140 3.00e-05  42:46:16 |   2.4030   2.4030   0.1175   4.3202   0.5093 |   6.7621   6.7621   0.0985   4.2959   0.4382
009/140 3.00e-05  41:08:03 |   2.3837   2.3837   0.1192   4.2894   0.4994 |   6.7390   6.7390   0.1048   4.2600   0.4381
010/140 3.00e-05  40:03:23 |   2.3716   2.3716   0.1230   4.2631   0.4926 |   6.7110   6.7110   0.1022   4.2386   0.4154
011/140 3.00e-05  41:05:56 |   2.3603   2.3603   0.1226   4.2440   0.4857 |   6.6870   6.6870   0.1155   4.2199   0.4169
012/140 3.00e-05  42:54:32 |   2.3547   2.3547   0.1267   4.2266   0.4794 |   6.6579   6.6579   0.1044   4.2109   0.4119
013/140 3.00e-05  41:55:35 |   2.3395   2.3395   0.1291   4.2112   0.4632 |   6.6328   6.6328   0.1089   4.2002   0.4063
014/140 3.00e-05  42:47:31 |   2.3346   2.3346   0.1308   4.1996   0.4627 |   6.6093   6.6093   0.1104   4.1911   0.4102
015/140 3.00e-05  40:59:42 |   2.3093   2.3093   0.1306   4.1880   0.4501 |   6.5764   6.5764   0.1284   4.1798   0.3968
016/140 3.00e-05  39:22:11 |   2.3104   2.3104   0.1346   4.1805   0.4373 |   6.5378   6.5378   0.1104   4.1756   0.3843
017/140 3.00e-05  38:37:53 |   2.2871   2.2871   0.1369   4.1749   0.4339 |   6.5036   6.5036   0.1172   4.1703   0.3698
018/140 3.00e-05  39:14:22 |   2.3125   2.3125   0.1367   4.1699   0.4223 |   6.4836   6.4836   0.1372   4.1668   0.3774
019/140 3.00e-05  38:47:59 |   2.2679   2.2679   0.1411   4.1668   0.4231 |   6.4465   6.4465   0.1322   4.1647   0.3731
020/140 3.00e-05  37:31:11 |   2.2537   2.2537   0.1415   4.1642   0.4051 |   6.4014   6.4014   0.1443   4.1628   0.3696
021/140 3.00e-05  36:19:44 |   2.2406   2.2406   0.1443   4.1623   0.3976 |   6.3630   6.3630   0.1420   4.1614   0.3603
022/140 3.00e-05  35:16:20 |   2.2222   2.2222   0.1452   4.1611   0.3973 |   6.3124   6.3124   0.1224   4.1605   0.3546
023/140 3.00e-05  34:16:13 |   2.2329   2.2329   0.1461   4.1603   0.3975 |   6.2736   6.2736   0.1338   4.1598   0.3465
024/140 3.00e-05  33:21:00 |   2.1615   2.1615   0.1496   4.1597   0.3783 |   6.2293   6.2293   0.1404   4.1595   0.3475
025/140 3.00e-05  32:28:23 |   2.2061   2.2061   0.1463   4.1593   0.3769 |   6.1830   6.1830   0.1431   4.1592   0.3467
026/140 3.00e-05  31:40:07 |   2.1503   2.1503   0.1521   4.1591   0.3720 |   6.1257   6.1257   0.1425   4.1590   0.3365
027/140 3.00e-05  32:22:33 |   2.1195   2.1195   0.1579   4.1590   0.3675 |   6.0853   6.0853   0.1489   4.1590   0.3294
028/140 3.00e-05  32:45:29 |   2.1113   2.1113   0.1560   4.1589   0.3553 |   6.0112   6.0112   0.1596   4.1589   0.3244
029/140 3.00e-05  31:57:46 |   2.1189   2.1189   0.1568   4.1589   0.3503 |   5.9679   5.9679   0.1497   4.1589   0.3242
030/140 3.00e-05  31:12:24 |   2.0954   2.0954   0.1587   4.1589   0.3466 |   5.9162   5.9162   0.1680   4.1589   0.3074
031/140 3.00e-05  30:29:10 |   2.0878   2.0878   0.1592   4.1589   0.3366 |   5.8428   5.8428   0.1719   4.1589   0.3147
032/140 3.00e-05  30:25:35 |   2.0425   2.0425   0.1648   4.1589   0.3382 |   5.7851   5.7851   0.1731   4.1589   0.3078
033/140 3.00e-05  30:46:43 |   2.0076   2.0076   0.1720   4.1589   0.3300 |   5.7203   5.7203   0.1867   4.1589   0.3033
034/140 3.00e-05  30:10:06 |   2.0643   2.0643   0.1661   4.1589   0.3266 |   5.6867   5.6867   0.1872   4.1589   0.2922
035/140 3.00e-05  30:05:48 |   1.9765   1.9765   0.1764   4.1589   0.3242 |   5.6098   5.6098   0.2170   4.1589   0.2985
036/140 3.00e-05  30:22:19 |   1.9063   1.9063   0.1893   4.1589   0.3163 |   5.5450   5.5450   0.2189   4.1589   0.2927
037/140 3.00e-05  29:45:59 |   1.9301   1.9301   0.1806   4.1589   0.3115 |   5.4642   5.4642   0.2234   4.1589   0.2878
038/140 3.00e-05  29:07:34 |   1.9209   1.9209   0.1857   4.1589   0.3112 |   5.3949   5.3949   0.2408   4.1589   0.2898
039/140 3.00e-05  28:30:15 |   1.9586   1.9586   0.1762   4.1589   0.3046 |   5.3203   5.3203   0.2520   4.1589   0.2868
040/140 3.00e-05  27:54:37 |   1.9034   1.9034   0.1883   4.1589   0.2987 |   5.2686   5.2686   0.2701   4.1589   0.2790
041/140 3.00e-05  27:20:17 |   1.8219   1.8219   0.2053   4.1589   0.2935 |   5.2099   5.2099   0.2664   4.1589   0.2764
042/140 3.00e-05  26:47:08 |   1.8440   1.8440   0.1966   4.1589   0.2908 |   5.1363   5.1363   0.2995   4.1589   0.2778
043/140 3.00e-05  26:14:48 |   1.7954   1.7954   0.2081   4.1589   0.2917 |   5.0558   5.0558   0.3086   4.1589   0.2751
044/140 3.00e-05  25:53:56 |   1.8274   1.8274   0.2005   4.1589   0.2888 |   4.9656   4.9656   0.3218   4.1589   0.2718
045/140 3.00e-05  26:02:45 |   1.7144   1.7144   0.2278   4.1589   0.2890 |   4.8726   4.8726   0.3487   4.1589   0.2716
046/140 3.00e-05  26:00:31 |   1.6783   1.6783   0.2395   4.1589   0.2832 |   4.7927   4.7927   0.3733   4.1589   0.2677
047/140 3.00e-05  26:00:19 |   1.6143   1.6143   0.2616   4.1589   0.2808 |   4.6950   4.6950   0.4108   4.1589   0.2663
048/140 3.00e-05  26:01:13 |   1.6413   1.6413   0.2467   4.1589   0.2745 |   4.6020   4.6020   0.4275   4.1589   0.2628
049/140 3.00e-05  25:30:21 |   1.6875   1.6875   0.2428   4.1589   0.2725 |   4.5270   4.5270   0.4439   4.1589   0.2609
050/140 3.00e-05  25:27:31 |   1.6313   1.6313   0.2529   4.1589   0.2716 |   4.4747   4.4747   0.4765   4.1589   0.2606
051/140 3.00e-05  25:28:44 |   1.6525   1.6525   0.2523   4.1589   0.2665 |   4.3570   4.3570   0.5006   4.1589   0.2569
052/140 3.00e-05  25:01:15 |   1.4473   1.4473   0.3110   4.1589   0.2645 |   4.2909   4.2909   0.5204   4.1589   0.2577
053/140 3.00e-05  25:06:04 |   1.6013   1.6013   0.2606   4.1589   0.2624 |   4.2094   4.2094   0.5566   4.1589   0.2570
054/140 3.00e-05  25:04:07 |   1.4704   1.4704   0.3122   4.1589   0.2630 |   4.0733   4.0733   0.6115   4.1589   0.2548
055/140 3.00e-05  25:02:17 |   1.3870   1.3870   0.3414   4.1589   0.2639 |   3.9816   3.9816   0.6352   4.1589   0.2543
056/140 3.00e-05  25:01:17 |   1.3461   1.3461   0.3694   4.1589   0.2573 |   3.8921   3.8921   0.6832   4.1589   0.2538
057/140 3.00e-05  24:52:51 |   1.3614   1.3614   0.3549   4.1589   0.2586 |   3.7826   3.7826   0.7324   4.1589   0.2508
058/140 3.00e-05  24:51:12 |   1.4391   1.4391   0.3404   4.1589   0.2538 |   3.7165   3.7165   0.7501   4.1589   0.2499
059/140 3.00e-05  24:34:08 |   1.2741   1.2741   0.3953   4.1589   0.2540 |   3.6110   3.6110   0.8035   4.1589   0.2470
060/140 3.00e-05  24:04:19 |   1.2335   1.2335   0.4328   4.1589   0.2535 |   3.4703   3.4703   0.8780   4.1589   0.2492
061/140 3.00e-05  23:35:03 |   1.3117   1.3117   0.3776   4.1589   0.2478 |   3.4087   3.4087   0.9195   4.1589   0.2459
062/140 3.00e-05  23:06:29 |   1.1104   1.1104   0.4996   4.1589   0.2468 |   3.3135   3.3135   0.9644   4.1589   0.2473
063/140 3.00e-05  22:38:28 |   1.1789   1.1789   0.4896   4.1589   0.2463 |   3.2264   3.2264   1.0235   4.1589   0.2455
064/140 3.00e-05  22:11:08 |   1.2033   1.2033   0.4484   4.1589   0.2430 |   3.1337   3.1337   1.0715   4.1589   0.2447
065/140 3.00e-05  21:47:15 |   1.0908   1.0908   0.4953   4.1589   0.2453 |   3.0247   3.0247   1.1513   4.1589   0.2430
066/140 3.00e-05  21:42:49 |   1.1787   1.1787   0.4713   4.1589   0.2431 |   2.9173   2.9173   1.2250   4.1589   0.2450
067/140 3.00e-05  21:26:10 |   0.9582   0.9582   0.6224   4.1589   0.2412 |   2.8159   2.8159   1.3063   4.1589   0.2435
068/140 3.00e-05  21:00:46 |   0.9825   0.9825   0.6776   4.1589   0.2423 |   2.7255   2.7255   1.3596   4.1589   0.2419
069/140 3.00e-05  20:36:00 |   0.9402   0.9402   0.6221   4.1589   0.2378 |   2.6345   2.6345   1.4194   4.1589   0.2409
070/140 3.00e-05  20:11:34 |   0.9112   0.9112   0.7268   4.1589   0.2367 |   2.5530   2.5530   1.4880   4.1589   0.2401
071/140 3.00e-05  19:50:50 |   0.9332   0.9332   0.6258   4.1589   0.2324 |   2.4384   2.4384   1.5865   4.1589   0.2393
072/140 3.00e-05  19:45:03 |   0.8016   0.8016   0.7329   4.1589   0.2341 |   2.3503   2.3503   1.6558   4.1589   0.2382
073/140 3.00e-05  19:34:11 |   0.8591   0.8591   0.7745   4.1589   0.2353 |   2.2603   2.2603   1.7453   4.1589   0.2387
074/140 3.00e-05  19:10:22 |   0.6842   0.6842   0.9705   4.1589   0.2369 |   2.1824   2.1824   1.8093   4.1589   0.2390
075/140 3.00e-05  18:46:06 |   0.7190   0.7190   0.9357   4.1589   0.2323 |   2.1045   2.1045   1.8811   4.1589   0.2381
076/140 3.00e-05  18:22:15 |   0.8468   0.8468   0.7803   4.1589   0.2325 |   2.0115   2.0115   1.9991   4.1589   0.2395
077/140 3.00e-05  17:58:36 |   0.8487   0.8487   0.7221   4.1589   0.2280 |   1.8856   1.8856   2.1390   4.1589   0.2379
078/140 3.00e-05  17:35:26 |   0.6929   0.6929   0.8480   4.1589   0.2286 |   1.7970   1.7970   2.2457   4.1589   0.2395
079/140 3.00e-05  17:12:30 |   0.5505   0.5505   1.1642   4.1589   0.2282 |   1.7115   1.7115   2.3383   4.1589   0.2397
080/140 3.00e-05  16:50:00 |   0.5793   0.5793   1.0770   4.1589   0.2283 |   1.6452   1.6452   2.4146   4.1589   0.2401
081/140 3.00e-05  16:27:46 |   0.5603   0.5603   1.0263   4.1589   0.2258 |   1.5545   1.5545   2.5417   4.1589   0.2385
082/140 3.00e-05  16:05:55 |   0.6563   0.6563   0.9185   4.1589   0.2253 |   1.4979   1.4979   2.6123   4.1589   0.2388
083/140 3.00e-05  15:49:37 |   0.6712   0.6712   0.8886   4.1589   0.2304 |   1.3923   1.3923   2.7838   4.1589   0.2407
084/140 3.00e-05  15:40:29 |   0.5148   0.5148   1.2308   4.1589   0.2312 |   1.3147   1.3147   2.8854   4.1589   0.2405
085/140 3.00e-05  15:28:53 |   0.6375   0.6375   1.0116   4.1589   0.2221 |   1.2361   1.2361   3.0396   4.1589   0.2405
086/140 3.00e-05  15:07:26 |   0.4773   0.4773   1.1796   4.1589   0.2231 |   1.1606   1.1606   3.1859   4.1589   0.2404
087/140 3.00e-05  14:46:10 |   0.5091   0.5091   1.0863   4.1589   0.2216 |   1.0883   1.0883   3.3465   4.1589   0.2417
088/140 3.00e-05  14:27:31 |   0.3880   0.3880   1.5733   4.1589   0.2267 |   1.0324   1.0324   3.4036   4.1589   0.2422
089/140 3.00e-05  14:17:28 |   0.4425   0.4425   1.4779   4.1589   0.2252 |   0.9961   0.9961   3.4394   4.1589   0.2412
090/140 3.00e-05  14:02:15 |   0.4516   0.4516   1.2146   4.1589   0.2226 |   0.9190   0.9190   3.6471   4.1589   0.2439
091/140 3.00e-05  13:41:29 |   0.3936   0.3936   1.3427   4.1589   0.2238 |   0.8642   0.8642   3.7767   4.1589   0.2440
092/140 3.00e-05  13:22:04 |   0.4397   0.4397   1.5404   4.1589   0.2284 |   0.8203   0.8203   3.8269   4.1589   0.2428
093/140 3.00e-05  13:05:45 |   0.5041   0.5041   1.0775   4.1589   0.2223 |   0.7474   0.7474   4.0848   4.1589   0.2449
094/140 3.00e-05  12:47:51 |   0.3888   0.3888   1.4303   4.1589   0.2221 |   0.7013   0.7013   4.1708   4.1589   0.2444
095/140 3.00e-05  12:39:41 |   0.3287   0.3287   1.6148   4.1589   0.2230 |   0.6693   0.6693   4.2206   4.1589   0.2439
096/140 3.00e-05  12:32:45 |   0.2629   0.2629   1.9863   4.1589   0.2257 |   0.6692   0.6692   4.0908   4.1589   0.2413
097/140 3.00e-05  12:25:13 |   0.2352   0.2352   1.8504   4.1589   0.2256 |   0.5947   0.5947   4.4266   4.1589   0.2477
098/140 3.00e-05  12:17:01 |   0.2549   0.2549   1.7079   4.1589   0.2256 |   0.5504   0.5504   4.5966   4.1589   0.2483
099/140 3.00e-05  12:08:08 |   0.3157   0.3157   1.5490   4.1589   0.2209 |   0.5107   0.5107   4.7423   4.1589   0.2490
100/140 3.00e-05  11:58:44 |   0.4660   0.4660   1.6831   4.1589   0.2253 |   0.5159   0.5159   4.4810   4.1589   0.2419
101/140 3.00e-05  11:48:43 |   0.2509   0.2509   1.6569   4.1589   0.2202 |   0.4354   0.4354   4.9553   4.1589   0.2494
102/140 3.00e-05  11:38:11 |   0.3181   0.3181   1.7623   4.1589   0.2234 |   0.4147   0.4147   4.9089   4.1589   0.2471
103/140 3.00e-05  11:27:05 |   0.2592   0.2592   1.8353   4.1589   0.2244 |   0.3871   0.3871   4.9692   4.1589   0.2473
104/140 3.00e-05  11:15:29 |   0.2487   0.2487   2.1305   4.1589   0.2246 |   0.3909   0.3909   4.8704   4.1589   0.2449
105/140 3.00e-05  11:03:21 |   0.2120   0.2120   2.2200   4.1589   0.2216 |   0.3638   0.3638   5.0520   4.1589   0.2468
106/140 3.00e-05  10:50:43 |   0.2029   0.2029   1.9664   4.1589   0.2237 |   0.3391   0.3391   5.2369   4.1589   0.2489
107/140 3.00e-05  10:37:36 |   0.2353   0.2353   2.1570   4.1589   0.2259 |   0.3349   0.3349   5.0360   4.1589   0.2444
108/140 3.00e-05  10:24:03 |   0.2217   0.2217   1.9532   4.1589   0.2223 |   0.2946   0.2946   5.2920   4.1589   0.2470
109/140 3.00e-05  10:09:58 |   0.2211   0.2211   2.2938   4.1589   0.2257 |   0.3351   0.3351   4.9405   4.1589   0.2404
110/140 3.00e-05   9:55:29 |   0.1964   0.1964   2.7096   4.1589   0.2251 |   0.3845   0.3845   4.6767   4.1589   0.2391
111/140 3.00e-05   9:38:50 |   0.1647   0.1647   2.1775   4.1589   0.2221 |   0.3176   0.3176   4.9558   4.1589   0.2421
112/140 3.00e-05   9:17:09 |   0.1455   0.1455   2.0592   4.1589   0.2209 |   0.2686   0.2686   5.2542   4.1589   0.2451
113/140 3.00e-05   8:59:39 |   0.2519   0.2519   1.8218   4.1589   0.2207 |   0.2219   0.2219   5.6136   4.1589   0.2482
114/140 3.00e-05   8:43:20 |   0.1416   0.1416   2.8778   4.1589   0.2243 |   0.5177   0.5177   4.2339   4.1589   0.2260
115/140 3.00e-05   8:26:44 |   0.5393   0.5393   1.3354   4.1589   0.2054 |   0.2498   0.2498   5.2417   4.1589   0.2343
116/140 3.00e-05   8:09:42 |   0.1866   0.1866   2.0302   4.1589   0.2130 |   0.2251   0.2251   5.4048   4.1589   0.2368
117/140 3.00e-05   7:52:20 |   0.2441   0.2441   2.0735   4.1589   0.2146 |   0.2532   0.2532   5.2574   4.1589   0.2351
118/140 3.00e-05   7:34:42 |   0.2343   0.2343   1.6693   4.1589   0.2127 |   0.1723   0.1723   5.8399   4.1589   0.2431
119/140 3.00e-05   7:16:43 |   0.2110   0.2110   2.9783   4.1589   0.2224 |   0.1859   0.1859   5.6446   4.1589   0.2426
120/140 3.00e-05   6:58:29 |   0.1792   0.1792   2.1776   4.1589   0.2168 |   0.1712   0.1712   5.7888   4.1589   0.2449
121/140 3.00e-05   6:39:55 |   0.1527   0.1527   2.5038   4.1589   0.2222 |   0.1795   0.1795   5.6177   4.1589   0.2440
122/140 3.00e-05   6:21:05 |   0.1662   0.1662   1.8854   4.1589   0.2186 |   0.1526   0.1526   5.9206   4.1589   0.2475
123/140 3.00e-05   6:01:57 |   0.1709   0.1709   2.0367   4.1589   0.2209 |   0.1398   0.1398   6.1421   4.1589   0.2491
124/140 3.00e-05   5:42:34 |   0.1973   0.1973   2.0549   4.1589   0.2192 |   0.1341   0.1341   6.3007   4.1589   0.2508
125/140 3.00e-05   5:22:54 |   0.2144   0.2144   2.0209   4.1589   0.2204 |   0.1198   0.1198   6.3684   4.1589   0.2503
126/140 3.00e-05   5:02:59 |   0.1675   0.1675   2.4285   4.1589   0.2194 |   0.1220   0.1220   6.2704   4.1589   0.2500
127/140 3.00e-05   4:42:48 |   0.1461   0.1461   2.6343   4.1589   0.2251 |   0.1258   0.1258   6.1208   4.1589   0.2487
128/140 3.00e-05   4:22:23 |   0.3484   0.3484   2.3898   4.1589   0.2186 |   0.1901   0.1901   5.5447   4.1589   0.2411
129/140 3.00e-05   4:01:43 |   0.1701   0.1701   1.9949   4.1589   0.2169 |   0.1318   0.1318   5.9624   4.1589   0.2455
130/140 1.50e-05   3:40:50 |   0.1183   0.1183   2.8046   4.1589   0.2198 |   0.1905   0.1905   5.5243   4.1589   0.2392
131/140 1.50e-05   3:19:42 |   0.1766   0.1766   1.7850   4.1589   0.2172 |   0.1534   0.1534   5.7878   4.1589   0.2431
132/140 1.50e-05   2:58:21 |   0.1728   0.1728   1.8940   4.1589   0.2171 |   0.1207   0.1207   6.0843   4.1589   0.2461
133/140 1.50e-05   2:36:47 |   0.1761   0.1761   2.0420   4.1589   0.2214 |   0.1159   0.1159   6.1664   4.1589   0.2466
134/140 1.50e-05   2:15:00 |   0.2105   0.2105   2.5443   4.1589   0.2215 |   0.1096   0.1096   6.2080   4.1589   0.2478
135/140 1.50e-05   1:53:00 |   0.1476   0.1476   2.1421   4.1589   0.2200 |   0.1069   0.1069   6.2615   4.1589   0.2480
136/140 1.50e-05   1:30:48 |   0.1249   0.1249   2.8591   4.1589   0.2231 |   0.1114   0.1114   6.1585   4.1589   0.2476
137/140 1.50e-05   1:08:23 |   0.1121   0.1121   2.2849   4.1589   0.2210 |   0.1081   0.1081   6.1818   4.1589   0.2479
138/140 1.50e-05     45:47 |   0.1704   0.1704   2.1631   4.1589   0.2221 |   0.1027   0.1027   6.2630   4.1589   0.2490
139/140 1.50e-05     22:59 |   0.1120   0.1120   2.7141   4.1589   0.2225 |   0.1156   0.1156   6.0794   4.1589   0.2471
140/140 1.50e-05     00:00 |   0.1160   0.1160   2.5104   4.1589   0.2233 |   0.1169   0.1169   6.0449   4.1589   0.2470
Updated latest commutative CNN pretraining config at /run/media/fabrizio/06bb7271-2161-43a4-91f1-98f9b67e9ab2/home/fabrizio/code/ZebraFish/artifacts/campaigns/cnn_pretrain_finetune/cnn_pretrain_finetune_20260625_152652_a8e2d2/outputs/10C/config.yaml
10C run complete: artifacts/campaigns/cnn_pretrain_finetune/cnn_pretrain_finetune_20260625_152652_a8e2d2/outputs/10C/runs/10C_pretrain_commutative_cnn_20260625_152717
